Linux version 3.0.0GreenDM (root@dhcp229.fsl.cs.sunysb.edu) (gcc version 4.1.2 20080704 (Red Hat 4.1.2-44)) #2 SMP PREEMPT Tue Mar 27 21:44:09 EDT 2012
Command line: ro root=LABEL=/
Disabled fast string operations
BIOS-provided physical RAM map:
 BIOS-e820: 0000000000000000 - 000000000009f800 (usable)
 BIOS-e820: 000000000009f800 - 00000000000a0000 (reserved)
 BIOS-e820: 00000000000ca000 - 00000000000cc000 (reserved)
 BIOS-e820: 00000000000dc000 - 00000000000e4000 (reserved)
 BIOS-e820: 00000000000e8000 - 0000000000100000 (reserved)
 BIOS-e820: 0000000000100000 - 0000000088ee0000 (usable)
 BIOS-e820: 0000000088ee0000 - 0000000088eff000 (ACPI data)
 BIOS-e820: 0000000088eff000 - 0000000088f00000 (ACPI NVS)
 BIOS-e820: 0000000088f00000 - 0000000089000000 (usable)
 BIOS-e820: 00000000e0000000 - 00000000f0000000 (reserved)
 BIOS-e820: 00000000fec00000 - 00000000fec10000 (reserved)
 BIOS-e820: 00000000fee00000 - 00000000fee01000 (reserved)
 BIOS-e820: 00000000fffe0000 - 0000000100000000 (reserved)
NX (Execute Disable) protection: active
DMI present.
DMI: VMware, Inc. VMware Virtual Platform/440BX Desktop Reference Platform, BIOS 6.00 12/31/2009
Hypervisor detected: VMware
e820 update range: 0000000000000000 - 0000000000010000 (usable) ==> (reserved)
e820 remove range: 00000000000a0000 - 0000000000100000 (usable)
No AGP bridge found
last_pfn = 0x89000 max_arch_pfn = 0x400000000
MTRR default type: uncachable
MTRR fixed ranges enabled:
  00000-9FFFF write-back
  A0000-BFFFF uncachable
  C0000-CBFFF write-protect
  CC000-EFFFF uncachable
  F0000-FFFFF write-protect
MTRR variable ranges enabled:
  0 base 0000000000 mask FF80000000 write-back
  1 base 0080000000 mask FFF8000000 write-back
  2 base 0088000000 mask FFFF000000 write-back
  3 disabled
  4 disabled
  5 disabled
  6 disabled
  7 disabled
x86 PAT enabled: cpu 0, old 0x0, new 0x7010600070106
found SMP MP-table at [ffff8800000f69b0] f69b0
initial memory mapped : 0 - 20000000
Base memory trampoline at [ffff88000009d000] 9d000 size 8192
init_memory_mapping: 0000000000000000-0000000089000000
 0000000000 - 0089000000 page 2M
kernel direct mapping tables up to 89000000 @ 88ffc000-89000000
RAMDISK: 37dae000 - 37ff0000
ACPI: RSDP 00000000000f6940 00024 (v02 PTLTD )
ACPI: XSDT 0000000088ee9eac 0004C (v01 INTEL  440BX    06040000 VMW  01324272)
ACPI: FACP 0000000088efee98 000F4 (v04 INTEL  440BX    06040000 PTL  000F4240)
ACPI: DSDT 0000000088eea1a9 14CEF (v01 PTLTD  Custom   06040000 MSFT 03000001)
ACPI: FACS 0000000088efffc0 00040
ACPI: BOOT 0000000088eea181 00028 (v01 PTLTD  $SBFTBL$ 06040000  LTP 00000001)
ACPI: APIC 0000000088eea107 0007A (v01 PTLTD  ? APIC   06040000  LTP 00000000)
ACPI: MCFG 0000000088eea0cb 0003C (v01 PTLTD  $PCITBL$ 06040000  LTP 00000001)
ACPI: SRAT 0000000088ee9f30 000D0 (v02 VMWARE MEMPLUG  06040000 VMW  00000001)
ACPI: Local APIC address 0xfee00000
 [ffffea0000000000-ffffea0001ffffff] PMD -> [ffff880086200000-ffff8800881fffff] on node 0
Zone PFN ranges:
  DMA      0x00000010 -> 0x00001000
  DMA32    0x00001000 -> 0x00100000
  Normal   empty
Movable zone start PFN for each node
early_node_map[3] active PFN ranges
    0: 0x00000010 -> 0x0000009f
    0: 0x00000100 -> 0x00088ee0
    0: 0x00088f00 -> 0x00089000
On node 0 totalpages: 561007
  DMA zone: 56 pages used for memmap
  DMA zone: 2 pages reserved
  DMA zone: 3925 pages, LIFO batch:0
  DMA32 zone: 7616 pages used for memmap
  DMA32 zone: 549408 pages, LIFO batch:31
ACPI: PM-Timer IO Port: 0x1008
ACPI: Local APIC address 0xfee00000
ACPI: LAPIC (acpi_id[0x00] lapic_id[0x00] enabled)
ACPI: LAPIC (acpi_id[0x01] lapic_id[0x01] enabled)
ACPI: LAPIC (acpi_id[0x02] lapic_id[0x02] enabled)
ACPI: LAPIC (acpi_id[0x03] lapic_id[0x03] enabled)
ACPI: LAPIC_NMI (acpi_id[0x00] high edge lint[0x1])
ACPI: LAPIC_NMI (acpi_id[0x01] high edge lint[0x1])
ACPI: LAPIC_NMI (acpi_id[0x02] high edge lint[0x1])
ACPI: LAPIC_NMI (acpi_id[0x03] high edge lint[0x1])
ACPI: IOAPIC (id[0x04] address[0xfec00000] gsi_base[0])
IOAPIC[0]: apic_id 4, version 17, address 0xfec00000, GSI 0-23
ACPI: INT_SRC_OVR (bus 0 bus_irq 0 global_irq 2 high edge)
ACPI: IRQ0 used by override.
ACPI: IRQ2 used by override.
ACPI: IRQ9 used by override.
Using ACPI (MADT) for SMP configuration information
SMP: Allowing 4 CPUs, 0 hotplug CPUs
nr_irqs_gsi: 40
Allocating PCI resources starting at 89000000 (gap: 89000000:57000000)
Booting paravirtualized kernel on bare hardware
setup_percpu: NR_CPUS:32 nr_cpumask_bits:32 nr_cpu_ids:4 nr_node_ids:1
PERCPU: Embedded 25 pages/cpu @ffff880088c00000 s70848 r8192 d23360 u524288
pcpu-alloc: s70848 r8192 d23360 u524288 alloc=1*2097152
pcpu-alloc: [0] 0 1 2 3 
Built 1 zonelists in Zone order, mobility grouping on.  Total pages: 553333
Kernel command line: ro root=LABEL=/
PID hash table entries: 4096 (order: 3, 32768 bytes)
Dentry cache hash table entries: 524288 (order: 10, 4194304 bytes)
Inode-cache hash table entries: 262144 (order: 9, 2097152 bytes)
Checking aperture...
No AGP bridge found
Memory: 2190080k/2244608k available (5185k kernel code, 580k absent, 53948k reserved, 5534k data, 504k init)
Preemptible hierarchical RCU implementation.
	CONFIG_RCU_FANOUT set to non-default value of 32
NR_IRQS:4352 nr_irqs:712 16
Extended CMOS year: 2000
Console: colour VGA+ 80x25
console [tty0] enabled
TSC freq read from hypervisor : 2393.006 MHz
Detected 2393.006 MHz processor.
Calibrating delay loop (skipped) preset value.. 4786.01 BogoMIPS (lpj=2393006)
pid_max: default: 32768 minimum: 301
Mount-cache hash table entries: 256
Disabled fast string operations
CPU: Physical Processor ID: 0
CPU: Processor Core ID: 0
mce: CPU supports 0 MCE banks
ACPI: Core revision 20110413
..TIMER: vector=0x30 apic1=0 pin1=2 apic2=-1 pin2=-1
CPU0: Intel(R) Xeon(R) CPU           E5530  @ 2.40GHz stepping 05
Performance Events: erratum AAJ80 worked around, Nehalem events, Broken PMU hardware detected, using software events only.
Booting Node   0, Processors  #1
smpboot cpu 1: start_ip = 9d000
Disabled fast string operations
mce: CPU supports 0 MCE banks
 #2
smpboot cpu 2: start_ip = 9d000
Disabled fast string operations
mce: CPU supports 0 MCE banks
 #3 Ok.
smpboot cpu 3: start_ip = 9d000
Disabled fast string operations
mce: CPU supports 0 MCE banks
Skipped synchronization checks as TSC is reliable.
Brought up 4 CPUs
Total of 4 processors activated (19144.04 BogoMIPS).
x86 PAT enabled: cpu 3, old 0x0, new 0x7010600070106
x86 PAT enabled: cpu 0, old 0x0, new 0x7010600070106
x86 PAT enabled: cpu 1, old 0x0, new 0x7010600070106
x86 PAT enabled: cpu 2, old 0x0, new 0x7010600070106
NET: Registered protocol family 16
ACPI: bus type pci registered
PCI: MMCONFIG for domain 0000 [bus 00-ff] at [mem 0xe0000000-0xefffffff] (base 0xe0000000)
PCI: MMCONFIG at [mem 0xe0000000-0xefffffff] reserved in E820
PCI: Using configuration type 1 for base access
bio: create slab <bio-0> at 0
ACPI: EC: Look up EC in DSDT
[Firmware Bug]: ACPI: BIOS _OSI(Linux) query ignored
ACPI: Interpreter enabled
ACPI: (supports S0 S5)
ACPI: Using IOAPIC for interrupt routing
ACPI: No dock devices found.
PCI: Using host bridge windows from ACPI; if necessary, use "pci=nocrs" and report a bug
ACPI: PCI Root Bridge [PCI0] (domain 0000 [bus 00-ff])
pci_root PNP0A03:00: host bridge window [mem 0x000a0000-0x000bffff]
pci_root PNP0A03:00: host bridge window [mem 0x000cc000-0x000cffff]
pci_root PNP0A03:00: host bridge window [mem 0x000d0000-0x000d3fff]
pci_root PNP0A03:00: host bridge window [mem 0x000d4000-0x000d7fff]
pci_root PNP0A03:00: host bridge window [mem 0x000d8000-0x000dbfff]
pci_root PNP0A03:00: host bridge window [mem 0x000e4000-0x000e7fff]
pci_root PNP0A03:00: host bridge window [mem 0xc0000000-0xfebfffff]
pci_root PNP0A03:00: host bridge window [io  0x0000-0x0cf7]
pci_root PNP0A03:00: host bridge window [io  0x0d00-0xfeff]
pci 0000:00:00.0: [8086:7190] type 0 class 0x000600
pci 0000:00:01.0: [8086:7191] type 1 class 0x000604
pci 0000:00:07.0: [8086:7110] type 0 class 0x000601
pci 0000:00:07.1: [8086:7111] type 0 class 0x000101
pci 0000:00:07.1: reg 20: [io  0x10c0-0x10cf]
pci 0000:00:07.3: [8086:7113] type 0 class 0x000680
pci 0000:00:07.3: quirk: [io  0x1000-0x103f] claimed by PIIX4 ACPI
pci 0000:00:07.3: quirk: [io  0x1040-0x104f] claimed by PIIX4 SMB
pci 0000:00:07.7: [15ad:0740] type 0 class 0x000880
pci 0000:00:07.7: reg 10: [io  0x1080-0x10bf]
pci 0000:00:0f.0: [15ad:0405] type 0 class 0x000300
pci 0000:00:0f.0: reg 10: [io  0x10d0-0x10df]
pci 0000:00:0f.0: reg 14: [mem 0xd0000000-0xd7ffffff]
pci 0000:00:0f.0: reg 18: [mem 0xd8000000-0xd87fffff]
pci 0000:00:0f.0: reg 30: [mem 0x00000000-0x00007fff pref]
pci 0000:00:10.0: [1000:0030] type 0 class 0x000100
pci 0000:00:10.0: reg 10: [io  0x1400-0x14ff]
pci 0000:00:10.0: reg 14: [mem 0xd8820000-0xd883ffff 64bit]
pci 0000:00:10.0: reg 1c: [mem 0xd8800000-0xd881ffff 64bit]
pci 0000:00:10.0: reg 30: [mem 0x00000000-0x00003fff pref]
pci 0000:00:11.0: [15ad:0790] type 1 class 0x000604
pci 0000:00:15.0: [15ad:07a0] type 1 class 0x000604
pci 0000:00:15.0: PME# supported from D0 D3hot D3cold
pci 0000:00:15.0: PME# disabled
pci 0000:00:15.1: [15ad:07a0] type 1 class 0x000604
pci 0000:00:15.1: PME# supported from D0 D3hot D3cold
pci 0000:00:15.1: PME# disabled
pci 0000:00:15.2: [15ad:07a0] type 1 class 0x000604
pci 0000:00:15.2: PME# supported from D0 D3hot D3cold
pci 0000:00:15.2: PME# disabled
pci 0000:00:15.3: [15ad:07a0] type 1 class 0x000604
pci 0000:00:15.3: PME# supported from D0 D3hot D3cold
pci 0000:00:15.3: PME# disabled
pci 0000:00:15.4: [15ad:07a0] type 1 class 0x000604
pci 0000:00:15.4: PME# supported from D0 D3hot D3cold
pci 0000:00:15.4: PME# disabled
pci 0000:00:15.5: [15ad:07a0] type 1 class 0x000604
pci 0000:00:15.5: PME# supported from D0 D3hot D3cold
pci 0000:00:15.5: PME# disabled
pci 0000:00:15.6: [15ad:07a0] type 1 class 0x000604
pci 0000:00:15.6: PME# supported from D0 D3hot D3cold
pci 0000:00:15.6: PME# disabled
pci 0000:00:15.7: [15ad:07a0] type 1 class 0x000604
pci 0000:00:15.7: PME# supported from D0 D3hot D3cold
pci 0000:00:15.7: PME# disabled
pci 0000:00:16.0: [15ad:07a0] type 1 class 0x000604
pci 0000:00:16.0: PME# supported from D0 D3hot D3cold
pci 0000:00:16.0: PME# disabled
pci 0000:00:16.1: [15ad:07a0] type 1 class 0x000604
pci 0000:00:16.1: PME# supported from D0 D3hot D3cold
pci 0000:00:16.1: PME# disabled
pci 0000:00:16.2: [15ad:07a0] type 1 class 0x000604
pci 0000:00:16.2: PME# supported from D0 D3hot D3cold
pci 0000:00:16.2: PME# disabled
pci 0000:00:16.3: [15ad:07a0] type 1 class 0x000604
pci 0000:00:16.3: PME# supported from D0 D3hot D3cold
pci 0000:00:16.3: PME# disabled
pci 0000:00:16.4: [15ad:07a0] type 1 class 0x000604
pci 0000:00:16.4: PME# supported from D0 D3hot D3cold
pci 0000:00:16.4: PME# disabled
pci 0000:00:16.5: [15ad:07a0] type 1 class 0x000604
pci 0000:00:16.5: PME# supported from D0 D3hot D3cold
pci 0000:00:16.5: PME# disabled
pci 0000:00:16.6: [15ad:07a0] type 1 class 0x000604
pci 0000:00:16.6: PME# supported from D0 D3hot D3cold
pci 0000:00:16.6: PME# disabled
pci 0000:00:16.7: [15ad:07a0] type 1 class 0x000604
pci 0000:00:16.7: PME# supported from D0 D3hot D3cold
pci 0000:00:16.7: PME# disabled
pci 0000:00:17.0: [15ad:07a0] type 1 class 0x000604
pci 0000:00:17.0: PME# supported from D0 D3hot D3cold
pci 0000:00:17.0: PME# disabled
pci 0000:00:17.1: [15ad:07a0] type 1 class 0x000604
pci 0000:00:17.1: PME# supported from D0 D3hot D3cold
pci 0000:00:17.1: PME# disabled
pci 0000:00:17.2: [15ad:07a0] type 1 class 0x000604
pci 0000:00:17.2: PME# supported from D0 D3hot D3cold
pci 0000:00:17.2: PME# disabled
pci 0000:00:17.3: [15ad:07a0] type 1 class 0x000604
pci 0000:00:17.3: PME# supported from D0 D3hot D3cold
pci 0000:00:17.3: PME# disabled
pci 0000:00:17.4: [15ad:07a0] type 1 class 0x000604
pci 0000:00:17.4: PME# supported from D0 D3hot D3cold
pci 0000:00:17.4: PME# disabled
pci 0000:00:17.5: [15ad:07a0] type 1 class 0x000604
pci 0000:00:17.5: PME# supported from D0 D3hot D3cold
pci 0000:00:17.5: PME# disabled
pci 0000:00:17.6: [15ad:07a0] type 1 class 0x000604
pci 0000:00:17.6: PME# supported from D0 D3hot D3cold
pci 0000:00:17.6: PME# disabled
pci 0000:00:17.7: [15ad:07a0] type 1 class 0x000604
pci 0000:00:17.7: PME# supported from D0 D3hot D3cold
pci 0000:00:17.7: PME# disabled
pci 0000:00:18.0: [15ad:07a0] type 1 class 0x000604
pci 0000:00:18.0: PME# supported from D0 D3hot D3cold
pci 0000:00:18.0: PME# disabled
pci 0000:00:18.1: [15ad:07a0] type 1 class 0x000604
pci 0000:00:18.1: PME# supported from D0 D3hot D3cold
pci 0000:00:18.1: PME# disabled
pci 0000:00:18.2: [15ad:07a0] type 1 class 0x000604
pci 0000:00:18.2: PME# supported from D0 D3hot D3cold
pci 0000:00:18.2: PME# disabled
pci 0000:00:18.3: [15ad:07a0] type 1 class 0x000604
pci 0000:00:18.3: PME# supported from D0 D3hot D3cold
pci 0000:00:18.3: PME# disabled
pci 0000:00:18.4: [15ad:07a0] type 1 class 0x000604
pci 0000:00:18.4: PME# supported from D0 D3hot D3cold
pci 0000:00:18.4: PME# disabled
pci 0000:00:18.5: [15ad:07a0] type 1 class 0x000604
pci 0000:00:18.5: PME# supported from D0 D3hot D3cold
pci 0000:00:18.5: PME# disabled
pci 0000:00:18.6: [15ad:07a0] type 1 class 0x000604
pci 0000:00:18.6: PME# supported from D0 D3hot D3cold
pci 0000:00:18.6: PME# disabled
pci 0000:00:18.7: [15ad:07a0] type 1 class 0x000604
pci 0000:00:18.7: PME# supported from D0 D3hot D3cold
pci 0000:00:18.7: PME# disabled
pci 0000:00:01.0: PCI bridge to [bus 01-01]
pci 0000:00:01.0:   bridge window [io  0xf000-0x0000] (disabled)
pci 0000:00:01.0:   bridge window [mem 0xfff00000-0x000fffff] (disabled)
pci 0000:00:01.0:   bridge window [mem 0xfff00000-0x000fffff pref] (disabled)
pci 0000:02:01.0: [8086:100f] type 0 class 0x000200
pci 0000:02:01.0: reg 10: [mem 0xd8920000-0xd893ffff 64bit]
pci 0000:02:01.0: reg 18: [mem 0xd8900000-0xd890ffff 64bit]
pci 0000:02:01.0: reg 20: [io  0x2000-0x203f]
pci 0000:02:01.0: reg 30: [mem 0x00000000-0x0000ffff pref]
pci 0000:00:11.0: PCI bridge to [bus 02-02] (subtractive decode)
pci 0000:00:11.0:   bridge window [io  0x2000-0x3fff]
pci 0000:00:11.0:   bridge window [mem 0xd8900000-0xd9cfffff]
pci 0000:00:11.0:   bridge window [mem 0xdc400000-0xdc9fffff 64bit pref]
pci 0000:00:11.0:   bridge window [mem 0x000a0000-0x000bffff] (subtractive decode)
pci 0000:00:11.0:   bridge window [mem 0x000cc000-0x000cffff] (subtractive decode)
pci 0000:00:11.0:   bridge window [mem 0x000d0000-0x000d3fff] (subtractive decode)
pci 0000:00:11.0:   bridge window [mem 0x000d4000-0x000d7fff] (subtractive decode)
pci 0000:00:11.0:   bridge window [mem 0x000d8000-0x000dbfff] (subtractive decode)
pci 0000:00:11.0:   bridge window [mem 0x000e4000-0x000e7fff] (subtractive decode)
pci 0000:00:11.0:   bridge window [mem 0xc0000000-0xfebfffff] (subtractive decode)
pci 0000:00:11.0:   bridge window [io  0x0000-0x0cf7] (subtractive decode)
pci 0000:00:11.0:   bridge window [io  0x0d00-0xfeff] (subtractive decode)
pci 0000:00:15.0: PCI bridge to [bus 03-03]
pci 0000:00:15.0:   bridge window [io  0x4000-0x4fff]
pci 0000:00:15.0:   bridge window [mem 0xd9d00000-0xd9dfffff]
pci 0000:00:15.0:   bridge window [mem 0xdca00000-0xdcafffff 64bit pref]
pci 0000:00:15.1: PCI bridge to [bus 04-04]
pci 0000:00:15.1:   bridge window [io  0x8000-0x8fff]
pci 0000:00:15.1:   bridge window [mem 0xda100000-0xda1fffff]
pci 0000:00:15.1:   bridge window [mem 0xdce00000-0xdcefffff 64bit pref]
pci 0000:00:15.2: PCI bridge to [bus 05-05]
pci 0000:00:15.2:   bridge window [io  0xc000-0xcfff]
pci 0000:00:15.2:   bridge window [mem 0xda500000-0xda5fffff]
pci 0000:00:15.2:   bridge window [mem 0xdd200000-0xdd2fffff 64bit pref]
pci 0000:00:15.3: PCI bridge to [bus 06-06]
pci 0000:00:15.3:   bridge window [io  0xf000-0x0000] (disabled)
pci 0000:00:15.3:   bridge window [mem 0xda900000-0xda9fffff]
pci 0000:00:15.3:   bridge window [mem 0xdd600000-0xdd6fffff 64bit pref]
pci 0000:00:15.4: PCI bridge to [bus 07-07]
pci 0000:00:15.4:   bridge window [io  0xf000-0x0000] (disabled)
pci 0000:00:15.4:   bridge window [mem 0xdad00000-0xdadfffff]
pci 0000:00:15.4:   bridge window [mem 0xdda00000-0xddafffff 64bit pref]
pci 0000:00:15.5: PCI bridge to [bus 08-08]
pci 0000:00:15.5:   bridge window [io  0xf000-0x0000] (disabled)
pci 0000:00:15.5:   bridge window [mem 0xdb100000-0xdb1fffff]
pci 0000:00:15.5:   bridge window [mem 0xdde00000-0xddefffff 64bit pref]
pci 0000:00:15.6: PCI bridge to [bus 09-09]
pci 0000:00:15.6:   bridge window [io  0xf000-0x0000] (disabled)
pci 0000:00:15.6:   bridge window [mem 0xdb500000-0xdb5fffff]
pci 0000:00:15.6:   bridge window [mem 0xde200000-0xde2fffff 64bit pref]
pci 0000:00:15.7: PCI bridge to [bus 0a-0a]
pci 0000:00:15.7:   bridge window [io  0xf000-0x0000] (disabled)
pci 0000:00:15.7:   bridge window [mem 0xdb900000-0xdb9fffff]
pci 0000:00:15.7:   bridge window [mem 0xde600000-0xde6fffff 64bit pref]
pci 0000:00:16.0: PCI bridge to [bus 0b-0b]
pci 0000:00:16.0:   bridge window [io  0x5000-0x5fff]
pci 0000:00:16.0:   bridge window [mem 0xd9e00000-0xd9efffff]
pci 0000:00:16.0:   bridge window [mem 0xdcb00000-0xdcbfffff 64bit pref]
pci 0000:00:16.1: PCI bridge to [bus 0c-0c]
pci 0000:00:16.1:   bridge window [io  0x9000-0x9fff]
pci 0000:00:16.1:   bridge window [mem 0xda200000-0xda2fffff]
pci 0000:00:16.1:   bridge window [mem 0xdcf00000-0xdcffffff 64bit pref]
pci 0000:00:16.2: PCI bridge to [bus 0d-0d]
pci 0000:00:16.2:   bridge window [io  0xd000-0xdfff]
pci 0000:00:16.2:   bridge window [mem 0xda600000-0xda6fffff]
pci 0000:00:16.2:   bridge window [mem 0xdd300000-0xdd3fffff 64bit pref]
pci 0000:00:16.3: PCI bridge to [bus 0e-0e]
pci 0000:00:16.3:   bridge window [io  0xf000-0x0000] (disabled)
pci 0000:00:16.3:   bridge window [mem 0xdaa00000-0xdaafffff]
pci 0000:00:16.3:   bridge window [mem 0xdd700000-0xdd7fffff 64bit pref]
pci 0000:00:16.4: PCI bridge to [bus 0f-0f]
pci 0000:00:16.4:   bridge window [io  0xf000-0x0000] (disabled)
pci 0000:00:16.4:   bridge window [mem 0xdae00000-0xdaefffff]
pci 0000:00:16.4:   bridge window [mem 0xddb00000-0xddbfffff 64bit pref]
pci 0000:00:16.5: PCI bridge to [bus 10-10]
pci 0000:00:16.5:   bridge window [io  0xf000-0x0000] (disabled)
pci 0000:00:16.5:   bridge window [mem 0xdb200000-0xdb2fffff]
pci 0000:00:16.5:   bridge window [mem 0xddf00000-0xddffffff 64bit pref]
pci 0000:00:16.6: PCI bridge to [bus 11-11]
pci 0000:00:16.6:   bridge window [io  0xf000-0x0000] (disabled)
pci 0000:00:16.6:   bridge window [mem 0xdb600000-0xdb6fffff]
pci 0000:00:16.6:   bridge window [mem 0xde300000-0xde3fffff 64bit pref]
pci 0000:00:16.7: PCI bridge to [bus 12-12]
pci 0000:00:16.7:   bridge window [io  0xf000-0x0000] (disabled)
pci 0000:00:16.7:   bridge window [mem 0xdba00000-0xdbafffff]
pci 0000:00:16.7:   bridge window [mem 0xde700000-0xde7fffff 64bit pref]
pci 0000:00:17.0: PCI bridge to [bus 13-13]
pci 0000:00:17.0:   bridge window [io  0x6000-0x6fff]
pci 0000:00:17.0:   bridge window [mem 0xd9f00000-0xd9ffffff]
pci 0000:00:17.0:   bridge window [mem 0xdcc00000-0xdccfffff 64bit pref]
pci 0000:00:17.1: PCI bridge to [bus 14-14]
pci 0000:00:17.1:   bridge window [io  0xa000-0xafff]
pci 0000:00:17.1:   bridge window [mem 0xda300000-0xda3fffff]
pci 0000:00:17.1:   bridge window [mem 0xdd000000-0xdd0fffff 64bit pref]
pci 0000:00:17.2: PCI bridge to [bus 15-15]
pci 0000:00:17.2:   bridge window [io  0xe000-0xefff]
pci 0000:00:17.2:   bridge window [mem 0xda700000-0xda7fffff]
pci 0000:00:17.2:   bridge window [mem 0xdd400000-0xdd4fffff 64bit pref]
pci 0000:00:17.3: PCI bridge to [bus 16-16]
pci 0000:00:17.3:   bridge window [io  0xf000-0x0000] (disabled)
pci 0000:00:17.3:   bridge window [mem 0xdab00000-0xdabfffff]
pci 0000:00:17.3:   bridge window [mem 0xdd800000-0xdd8fffff 64bit pref]
pci 0000:00:17.4: PCI bridge to [bus 17-17]
pci 0000:00:17.4:   bridge window [io  0xf000-0x0000] (disabled)
pci 0000:00:17.4:   bridge window [mem 0xdaf00000-0xdaffffff]
pci 0000:00:17.4:   bridge window [mem 0xddc00000-0xddcfffff 64bit pref]
pci 0000:00:17.5: PCI bridge to [bus 18-18]
pci 0000:00:17.5:   bridge window [io  0xf000-0x0000] (disabled)
pci 0000:00:17.5:   bridge window [mem 0xdb300000-0xdb3fffff]
pci 0000:00:17.5:   bridge window [mem 0xde000000-0xde0fffff 64bit pref]
pci 0000:00:17.6: PCI bridge to [bus 19-19]
pci 0000:00:17.6:   bridge window [io  0xf000-0x0000] (disabled)
pci 0000:00:17.6:   bridge window [mem 0xdb700000-0xdb7fffff]
pci 0000:00:17.6:   bridge window [mem 0xde400000-0xde4fffff 64bit pref]
pci 0000:00:17.7: PCI bridge to [bus 1a-1a]
pci 0000:00:17.7:   bridge window [io  0xf000-0x0000] (disabled)
pci 0000:00:17.7:   bridge window [mem 0xdbb00000-0xdbbfffff]
pci 0000:00:17.7:   bridge window [mem 0xde800000-0xde8fffff 64bit pref]
pci 0000:00:18.0: PCI bridge to [bus 1b-1b]
pci 0000:00:18.0:   bridge window [io  0x7000-0x7fff]
pci 0000:00:18.0:   bridge window [mem 0xda000000-0xda0fffff]
pci 0000:00:18.0:   bridge window [mem 0xdcd00000-0xdcdfffff 64bit pref]
pci 0000:00:18.1: PCI bridge to [bus 1c-1c]
pci 0000:00:18.1:   bridge window [io  0xb000-0xbfff]
pci 0000:00:18.1:   bridge window [mem 0xda400000-0xda4fffff]
pci 0000:00:18.1:   bridge window [mem 0xdd100000-0xdd1fffff 64bit pref]
pci 0000:00:18.2: PCI bridge to [bus 1d-1d]
pci 0000:00:18.2:   bridge window [io  0xf000-0xffff]
pci 0000:00:18.2:   bridge window [mem 0xda800000-0xda8fffff]
pci 0000:00:18.2:   bridge window [mem 0xdd500000-0xdd5fffff 64bit pref]
pci 0000:00:18.3: PCI bridge to [bus 1e-1e]
pci 0000:00:18.3:   bridge window [io  0xf000-0x0000] (disabled)
pci 0000:00:18.3:   bridge window [mem 0xdac00000-0xdacfffff]
pci 0000:00:18.3:   bridge window [mem 0xdd900000-0xdd9fffff 64bit pref]
pci 0000:00:18.4: PCI bridge to [bus 1f-1f]
pci 0000:00:18.4:   bridge window [io  0xf000-0x0000] (disabled)
pci 0000:00:18.4:   bridge window [mem 0xdb000000-0xdb0fffff]
pci 0000:00:18.4:   bridge window [mem 0xddd00000-0xdddfffff 64bit pref]
pci 0000:00:18.5: PCI bridge to [bus 20-20]
pci 0000:00:18.5:   bridge window [io  0xf000-0x0000] (disabled)
pci 0000:00:18.5:   bridge window [mem 0xdb400000-0xdb4fffff]
pci 0000:00:18.5:   bridge window [mem 0xde100000-0xde1fffff 64bit pref]
pci 0000:00:18.6: PCI bridge to [bus 21-21]
pci 0000:00:18.6:   bridge window [io  0xf000-0x0000] (disabled)
pci 0000:00:18.6:   bridge window [mem 0xdb800000-0xdb8fffff]
pci 0000:00:18.6:   bridge window [mem 0xde500000-0xde5fffff 64bit pref]
pci 0000:00:18.7: PCI bridge to [bus 22-22]
pci 0000:00:18.7:   bridge window [io  0xf000-0x0000] (disabled)
pci 0000:00:18.7:   bridge window [mem 0xdbc00000-0xdbcfffff]
pci 0000:00:18.7:   bridge window [mem 0xde900000-0xde9fffff 64bit pref]
pci_bus 0000:00: on NUMA node 0
ACPI: PCI Interrupt Routing Table [\_SB_.PCI0._PRT]
 pci0000:00: Unable to request _OSC control (_OSC support mask: 0x09)
ACPI: PCI Interrupt Link [LNKA] (IRQs 3 4 5 6 7 *9 10 11 14 15)
ACPI: PCI Interrupt Link [LNKB] (IRQs 3 4 5 6 7 9 10 *11 14 15)
ACPI: PCI Interrupt Link [LNKC] (IRQs 3 4 5 6 7 9 10 11 14 15) *0, disabled.
ACPI: PCI Interrupt Link [LNKD] (IRQs 3 4 *5 6 7 9 10 11 14 15)
vgaarb: device added: PCI:0000:00:0f.0,decodes=io+mem,owns=io+mem,locks=none
vgaarb: loaded
vgaarb: bridge control possible 0000:00:0f.0
SCSI subsystem initialized
usbcore: registered new interface driver usbfs
usbcore: registered new interface driver hub
usbcore: registered new device driver usb
PCI: Using ACPI for IRQ routing
PCI: pci_cache_line_size set to 64 bytes
pci 0000:00:18.2: no compatible bridge window for [io  0xf000-0xffff]
reserve RAM buffer: 000000000009f800 - 000000000009ffff 
reserve RAM buffer: 0000000088ee0000 - 000000008bffffff 
reserve RAM buffer: 0000000089000000 - 000000008bffffff 
pnp: PnP ACPI init
ACPI: bus type pnp registered
pnp 00:00: [bus 00-ff]
pnp 00:00: [mem 0x000a0000-0x000bffff window]
pnp 00:00: [mem 0x000c0000-0x000c3fff window]
pnp 00:00: [mem 0x000c4000-0x000c7fff window]
pnp 00:00: [mem 0x000c8000-0x000cbfff window]
pnp 00:00: [mem 0x000cc000-0x000cffff window]
pnp 00:00: [mem 0x000d0000-0x000d3fff window]
pnp 00:00: [mem 0x000d4000-0x000d7fff window]
pnp 00:00: [mem 0x000d8000-0x000dbfff window]
pnp 00:00: [mem 0x000dc000-0x000dffff window]
pnp 00:00: [mem 0x000e0000-0x000e3fff window]
pnp 00:00: [mem 0x000e4000-0x000e7fff window]
pnp 00:00: [mem 0x000e8000-0x000ebfff window]
pnp 00:00: [mem 0x000ec000-0x000effff window]
pnp 00:00: [mem 0xc0000000-0xfebfffff window]
pnp 00:00: [io  0x0cf8-0x0cff]
pnp 00:00: [io  0x0000-0x0cf7 window]
pnp 00:00: [io  0x0d00-0xfeff window]
pnp 00:00: Plug and Play ACPI device, IDs PNP0a03 PNP0a08 (active)
pnp 00:01: [io  0x0010-0x001f]
pnp 00:01: [io  0x0024-0x0025]
pnp 00:01: [io  0x0028-0x0029]
pnp 00:01: [io  0x002c-0x002d]
pnp 00:01: [io  0x002e-0x002f]
pnp 00:01: [io  0x0030-0x0031]
pnp 00:01: [io  0x0034-0x0035]
pnp 00:01: [io  0x0038-0x0039]
pnp 00:01: [io  0x003c-0x003d]
pnp 00:01: [io  0x0050-0x0053]
pnp 00:01: [io  0x0072-0x0077]
pnp 00:01: [io  0x0080]
pnp 00:01: [io  0x0090-0x009f]
pnp 00:01: [io  0x00a4-0x00a5]
pnp 00:01: [io  0x00a8-0x00a9]
pnp 00:01: [io  0x00ac-0x00ad]
pnp 00:01: [io  0x00b0-0x00b5]
pnp 00:01: [io  0x00b8-0x00b9]
pnp 00:01: [io  0x00bc-0x00bd]
pnp 00:01: [io  0x1000-0x103f]
pnp 00:01: [io  0x1040-0x104f]
pnp 00:01: [io  0x0cf0-0x0cf1]
system 00:01: [io  0x1000-0x103f] has been reserved
system 00:01: [io  0x1040-0x104f] has been reserved
system 00:01: [io  0x0cf0-0x0cf1] has been reserved
system 00:01: Plug and Play ACPI device, IDs PNP0c02 (active)
pnp 00:02: [io  0x0000-0x000f]
pnp 00:02: [io  0x0081-0x008f]
pnp 00:02: [io  0x00c0-0x00df]
pnp 00:02: [dma 4]
pnp 00:02: Plug and Play ACPI device, IDs PNP0200 (active)
pnp 00:03: [io  0x0020-0x0021]
pnp 00:03: [io  0x00a0-0x00a1]
pnp 00:03: [io  0x04d0-0x04d1]
pnp 00:03: [irq 2 disabled]
pnp 00:03: Plug and Play ACPI device, IDs PNP0001 (active)
pnp 00:04: [io  0x0070-0x0071]
pnp 00:04: [irq 8]
pnp 00:04: Plug and Play ACPI device, IDs PNP0b00 (active)
pnp 00:05: [io  0x0061]
pnp 00:05: Plug and Play ACPI device, IDs PNP0800 (active)
pnp 00:06: [io  0x0060]
pnp 00:06: [io  0x0064]
pnp 00:06: [irq 1]
pnp 00:06: Plug and Play ACPI device, IDs PNP0303 (active)
pnp 00:07: [irq 12]
pnp 00:07: Plug and Play ACPI device, IDs PNP0f13 (active)
pnp 00:08: [io  0x0378-0x037f]
pnp 00:08: [irq 7]
pnp 00:08: Plug and Play ACPI device, IDs PNP0400 (active)
pnp 00:09: [io  0x03f8-0x03ff]
pnp 00:09: [irq 4]
pnp 00:09: Plug and Play ACPI device, IDs PNP0501 (active)
pnp 00:0a: [io  0x02f8-0x02ff]
pnp 00:0a: [irq 3]
pnp 00:0a: Plug and Play ACPI device, IDs PNP0501 (active)
pnp 00:0b: [io  0x03f0-0x03f5]
pnp 00:0b: [io  0x03f7]
pnp 00:0b: [irq 6]
pnp 00:0b: [dma 2]
pnp 00:0b: Plug and Play ACPI device, IDs PNP0700 (active)
pnp 00:0c: [mem 0xe0000000-0xefffffff]
pnp 00:0c: [io  0x1060-0x107f]
pnp 00:0c: [mem 0xdbe00000-0xdbffffff]
system 00:0c: [io  0x1060-0x107f] has been reserved
system 00:0c: [mem 0xe0000000-0xefffffff] has been reserved
system 00:0c: [mem 0xdbe00000-0xdbffffff] has been reserved
system 00:0c: Plug and Play ACPI device, IDs PNP0c02 (active)
pnp: PnP ACPI: found 13 devices
ACPI: ACPI bus type pnp unregistered
Switching to clocksource acpi_pm
PCI: max bus depth: 1 pci_try_num: 2
Switched to NOHz mode on CPU #3
Switched to NOHz mode on CPU #0
Switched to NOHz mode on CPU #2
Switched to NOHz mode on CPU #1
pci 0000:00:0f.0: BAR 6: assigned [mem 0xc0000000-0xc0007fff pref]
pci 0000:00:10.0: BAR 6: assigned [mem 0xc0008000-0xc000bfff pref]
pci 0000:00:18.7: BAR 7: can't assign io (size 0x1000)
pci 0000:00:18.6: BAR 7: can't assign io (size 0x1000)
pci 0000:00:18.5: BAR 7: can't assign io (size 0x1000)
pci 0000:00:18.4: BAR 7: can't assign io (size 0x1000)
pci 0000:00:18.3: BAR 7: can't assign io (size 0x1000)
pci 0000:00:18.2: BAR 7: can't assign io (size 0x1000)
pci 0000:00:17.7: BAR 7: can't assign io (size 0x1000)
pci 0000:00:17.6: BAR 7: can't assign io (size 0x1000)
pci 0000:00:17.5: BAR 7: can't assign io (size 0x1000)
pci 0000:00:17.4: BAR 7: can't assign io (size 0x1000)
pci 0000:00:17.3: BAR 7: can't assign io (size 0x1000)
pci 0000:00:16.7: BAR 7: can't assign io (size 0x1000)
pci 0000:00:16.6: BAR 7: can't assign io (size 0x1000)
pci 0000:00:16.5: BAR 7: can't assign io (size 0x1000)
pci 0000:00:16.4: BAR 7: can't assign io (size 0x1000)
pci 0000:00:16.3: BAR 7: can't assign io (size 0x1000)
pci 0000:00:15.7: BAR 7: can't assign io (size 0x1000)
pci 0000:00:15.6: BAR 7: can't assign io (size 0x1000)
pci 0000:00:15.5: BAR 7: can't assign io (size 0x1000)
pci 0000:00:15.4: BAR 7: can't assign io (size 0x1000)
pci 0000:00:15.3: BAR 7: can't assign io (size 0x1000)
pci 0000:00:01.0: PCI bridge to [bus 01-01]
pci 0000:00:01.0:   bridge window [io  disabled]
pci 0000:00:01.0:   bridge window [mem disabled]
pci 0000:00:01.0:   bridge window [mem pref disabled]
pci 0000:02:01.0: BAR 6: assigned [mem 0xdc400000-0xdc40ffff pref]
pci 0000:00:11.0: PCI bridge to [bus 02-02]
pci 0000:00:11.0:   bridge window [io  0x2000-0x3fff]
pci 0000:00:11.0:   bridge window [mem 0xd8900000-0xd9cfffff]
pci 0000:00:11.0:   bridge window [mem 0xdc400000-0xdc9fffff 64bit pref]
pci 0000:00:15.0: PCI bridge to [bus 03-03]
pci 0000:00:15.0:   bridge window [io  0x4000-0x4fff]
pci 0000:00:15.0:   bridge window [mem 0xd9d00000-0xd9dfffff]
pci 0000:00:15.0:   bridge window [mem 0xdca00000-0xdcafffff 64bit pref]
pci 0000:00:15.1: PCI bridge to [bus 04-04]
pci 0000:00:15.1:   bridge window [io  0x8000-0x8fff]
pci 0000:00:15.1:   bridge window [mem 0xda100000-0xda1fffff]
pci 0000:00:15.1:   bridge window [mem 0xdce00000-0xdcefffff 64bit pref]
pci 0000:00:15.2: PCI bridge to [bus 05-05]
pci 0000:00:15.2:   bridge window [io  0xc000-0xcfff]
pci 0000:00:15.2:   bridge window [mem 0xda500000-0xda5fffff]
pci 0000:00:15.2:   bridge window [mem 0xdd200000-0xdd2fffff 64bit pref]
pci 0000:00:15.3: PCI bridge to [bus 06-06]
pci 0000:00:15.3:   bridge window [io  disabled]
pci 0000:00:15.3:   bridge window [mem 0xda900000-0xda9fffff]
pci 0000:00:15.3:   bridge window [mem 0xdd600000-0xdd6fffff 64bit pref]
pci 0000:00:15.4: PCI bridge to [bus 07-07]
pci 0000:00:15.4:   bridge window [io  disabled]
pci 0000:00:15.4:   bridge window [mem 0xdad00000-0xdadfffff]
pci 0000:00:15.4:   bridge window [mem 0xdda00000-0xddafffff 64bit pref]
pci 0000:00:15.5: PCI bridge to [bus 08-08]
pci 0000:00:15.5:   bridge window [io  disabled]
pci 0000:00:15.5:   bridge window [mem 0xdb100000-0xdb1fffff]
pci 0000:00:15.5:   bridge window [mem 0xdde00000-0xddefffff 64bit pref]
pci 0000:00:15.6: PCI bridge to [bus 09-09]
pci 0000:00:15.6:   bridge window [io  disabled]
pci 0000:00:15.6:   bridge window [mem 0xdb500000-0xdb5fffff]
pci 0000:00:15.6:   bridge window [mem 0xde200000-0xde2fffff 64bit pref]
pci 0000:00:15.7: PCI bridge to [bus 0a-0a]
pci 0000:00:15.7:   bridge window [io  disabled]
pci 0000:00:15.7:   bridge window [mem 0xdb900000-0xdb9fffff]
pci 0000:00:15.7:   bridge window [mem 0xde600000-0xde6fffff 64bit pref]
pci 0000:00:16.0: PCI bridge to [bus 0b-0b]
pci 0000:00:16.0:   bridge window [io  0x5000-0x5fff]
pci 0000:00:16.0:   bridge window [mem 0xd9e00000-0xd9efffff]
pci 0000:00:16.0:   bridge window [mem 0xdcb00000-0xdcbfffff 64bit pref]
pci 0000:00:16.1: PCI bridge to [bus 0c-0c]
pci 0000:00:16.1:   bridge window [io  0x9000-0x9fff]
pci 0000:00:16.1:   bridge window [mem 0xda200000-0xda2fffff]
pci 0000:00:16.1:   bridge window [mem 0xdcf00000-0xdcffffff 64bit pref]
pci 0000:00:16.2: PCI bridge to [bus 0d-0d]
pci 0000:00:16.2:   bridge window [io  0xd000-0xdfff]
pci 0000:00:16.2:   bridge window [mem 0xda600000-0xda6fffff]
pci 0000:00:16.2:   bridge window [mem 0xdd300000-0xdd3fffff 64bit pref]
pci 0000:00:16.3: PCI bridge to [bus 0e-0e]
pci 0000:00:16.3:   bridge window [io  disabled]
pci 0000:00:16.3:   bridge window [mem 0xdaa00000-0xdaafffff]
pci 0000:00:16.3:   bridge window [mem 0xdd700000-0xdd7fffff 64bit pref]
pci 0000:00:16.4: PCI bridge to [bus 0f-0f]
pci 0000:00:16.4:   bridge window [io  disabled]
pci 0000:00:16.4:   bridge window [mem 0xdae00000-0xdaefffff]
pci 0000:00:16.4:   bridge window [mem 0xddb00000-0xddbfffff 64bit pref]
pci 0000:00:16.5: PCI bridge to [bus 10-10]
pci 0000:00:16.5:   bridge window [io  disabled]
pci 0000:00:16.5:   bridge window [mem 0xdb200000-0xdb2fffff]
pci 0000:00:16.5:   bridge window [mem 0xddf00000-0xddffffff 64bit pref]
pci 0000:00:16.6: PCI bridge to [bus 11-11]
pci 0000:00:16.6:   bridge window [io  disabled]
pci 0000:00:16.6:   bridge window [mem 0xdb600000-0xdb6fffff]
pci 0000:00:16.6:   bridge window [mem 0xde300000-0xde3fffff 64bit pref]
pci 0000:00:16.7: PCI bridge to [bus 12-12]
pci 0000:00:16.7:   bridge window [io  disabled]
pci 0000:00:16.7:   bridge window [mem 0xdba00000-0xdbafffff]
pci 0000:00:16.7:   bridge window [mem 0xde700000-0xde7fffff 64bit pref]
pci 0000:00:17.0: PCI bridge to [bus 13-13]
pci 0000:00:17.0:   bridge window [io  0x6000-0x6fff]
pci 0000:00:17.0:   bridge window [mem 0xd9f00000-0xd9ffffff]
pci 0000:00:17.0:   bridge window [mem 0xdcc00000-0xdccfffff 64bit pref]
pci 0000:00:17.1: PCI bridge to [bus 14-14]
pci 0000:00:17.1:   bridge window [io  0xa000-0xafff]
pci 0000:00:17.1:   bridge window [mem 0xda300000-0xda3fffff]
pci 0000:00:17.1:   bridge window [mem 0xdd000000-0xdd0fffff 64bit pref]
pci 0000:00:17.2: PCI bridge to [bus 15-15]
pci 0000:00:17.2:   bridge window [io  0xe000-0xefff]
pci 0000:00:17.2:   bridge window [mem 0xda700000-0xda7fffff]
pci 0000:00:17.2:   bridge window [mem 0xdd400000-0xdd4fffff 64bit pref]
pci 0000:00:17.3: PCI bridge to [bus 16-16]
pci 0000:00:17.3:   bridge window [io  disabled]
pci 0000:00:17.3:   bridge window [mem 0xdab00000-0xdabfffff]
pci 0000:00:17.3:   bridge window [mem 0xdd800000-0xdd8fffff 64bit pref]
pci 0000:00:17.4: PCI bridge to [bus 17-17]
pci 0000:00:17.4:   bridge window [io  disabled]
pci 0000:00:17.4:   bridge window [mem 0xdaf00000-0xdaffffff]
pci 0000:00:17.4:   bridge window [mem 0xddc00000-0xddcfffff 64bit pref]
pci 0000:00:17.5: PCI bridge to [bus 18-18]
pci 0000:00:17.5:   bridge window [io  disabled]
pci 0000:00:17.5:   bridge window [mem 0xdb300000-0xdb3fffff]
pci 0000:00:17.5:   bridge window [mem 0xde000000-0xde0fffff 64bit pref]
pci 0000:00:17.6: PCI bridge to [bus 19-19]
pci 0000:00:17.6:   bridge window [io  disabled]
pci 0000:00:17.6:   bridge window [mem 0xdb700000-0xdb7fffff]
pci 0000:00:17.6:   bridge window [mem 0xde400000-0xde4fffff 64bit pref]
pci 0000:00:17.7: PCI bridge to [bus 1a-1a]
pci 0000:00:17.7:   bridge window [io  disabled]
pci 0000:00:17.7:   bridge window [mem 0xdbb00000-0xdbbfffff]
pci 0000:00:17.7:   bridge window [mem 0xde800000-0xde8fffff 64bit pref]
pci 0000:00:18.0: PCI bridge to [bus 1b-1b]
pci 0000:00:18.0:   bridge window [io  0x7000-0x7fff]
pci 0000:00:18.0:   bridge window [mem 0xda000000-0xda0fffff]
pci 0000:00:18.0:   bridge window [mem 0xdcd00000-0xdcdfffff 64bit pref]
pci 0000:00:18.1: PCI bridge to [bus 1c-1c]
pci 0000:00:18.1:   bridge window [io  0xb000-0xbfff]
pci 0000:00:18.1:   bridge window [mem 0xda400000-0xda4fffff]
pci 0000:00:18.1:   bridge window [mem 0xdd100000-0xdd1fffff 64bit pref]
pci 0000:00:18.2: PCI bridge to [bus 1d-1d]
pci 0000:00:18.2:   bridge window [io  disabled]
pci 0000:00:18.2:   bridge window [mem 0xda800000-0xda8fffff]
pci 0000:00:18.2:   bridge window [mem 0xdd500000-0xdd5fffff 64bit pref]
pci 0000:00:18.3: PCI bridge to [bus 1e-1e]
pci 0000:00:18.3:   bridge window [io  disabled]
pci 0000:00:18.3:   bridge window [mem 0xdac00000-0xdacfffff]
pci 0000:00:18.3:   bridge window [mem 0xdd900000-0xdd9fffff 64bit pref]
pci 0000:00:18.4: PCI bridge to [bus 1f-1f]
pci 0000:00:18.4:   bridge window [io  disabled]
pci 0000:00:18.4:   bridge window [mem 0xdb000000-0xdb0fffff]
pci 0000:00:18.4:   bridge window [mem 0xddd00000-0xdddfffff 64bit pref]
pci 0000:00:18.5: PCI bridge to [bus 20-20]
pci 0000:00:18.5:   bridge window [io  disabled]
pci 0000:00:18.5:   bridge window [mem 0xdb400000-0xdb4fffff]
pci 0000:00:18.5:   bridge window [mem 0xde100000-0xde1fffff 64bit pref]
pci 0000:00:18.6: PCI bridge to [bus 21-21]
pci 0000:00:18.6:   bridge window [io  disabled]
pci 0000:00:18.6:   bridge window [mem 0xdb800000-0xdb8fffff]
pci 0000:00:18.6:   bridge window [mem 0xde500000-0xde5fffff 64bit pref]
pci 0000:00:18.7: PCI bridge to [bus 22-22]
pci 0000:00:18.7:   bridge window [io  disabled]
pci 0000:00:18.7:   bridge window [mem 0xdbc00000-0xdbcfffff]
pci 0000:00:18.7:   bridge window [mem 0xde900000-0xde9fffff 64bit pref]
pci 0000:00:01.0: setting latency timer to 64
pci 0000:00:15.0: setting latency timer to 64
pci 0000:00:15.1: setting latency timer to 64
pci 0000:00:15.2: setting latency timer to 64
pci 0000:00:15.3: setting latency timer to 64
pci 0000:00:15.4: setting latency timer to 64
pci 0000:00:15.5: setting latency timer to 64
pci 0000:00:15.6: setting latency timer to 64
pci 0000:00:15.7: setting latency timer to 64
pci 0000:00:16.0: setting latency timer to 64
pci 0000:00:16.1: setting latency timer to 64
pci 0000:00:16.2: setting latency timer to 64
pci 0000:00:16.3: setting latency timer to 64
pci 0000:00:16.4: setting latency timer to 64
pci 0000:00:16.5: setting latency timer to 64
pci 0000:00:16.6: setting latency timer to 64
pci 0000:00:16.7: setting latency timer to 64
pci 0000:00:17.0: setting latency timer to 64
pci 0000:00:17.1: setting latency timer to 64
pci 0000:00:17.2: setting latency timer to 64
pci 0000:00:17.3: setting latency timer to 64
pci 0000:00:17.4: setting latency timer to 64
pci 0000:00:17.5: setting latency timer to 64
pci 0000:00:17.6: setting latency timer to 64
pci 0000:00:17.7: setting latency timer to 64
pci 0000:00:18.0: setting latency timer to 64
pci 0000:00:18.1: setting latency timer to 64
pci 0000:00:18.2: setting latency timer to 64
pci 0000:00:18.3: setting latency timer to 64
pci 0000:00:18.4: setting latency timer to 64
pci 0000:00:18.5: setting latency timer to 64
pci 0000:00:18.6: setting latency timer to 64
pci 0000:00:18.7: setting latency timer to 64
pci_bus 0000:00: resource 4 [mem 0x000a0000-0x000bffff]
pci_bus 0000:00: resource 5 [mem 0x000cc000-0x000cffff]
pci_bus 0000:00: resource 6 [mem 0x000d0000-0x000d3fff]
pci_bus 0000:00: resource 7 [mem 0x000d4000-0x000d7fff]
pci_bus 0000:00: resource 8 [mem 0x000d8000-0x000dbfff]
pci_bus 0000:00: resource 9 [mem 0x000e4000-0x000e7fff]
pci_bus 0000:00: resource 10 [mem 0xc0000000-0xfebfffff]
pci_bus 0000:00: resource 11 [io  0x0000-0x0cf7]
pci_bus 0000:00: resource 12 [io  0x0d00-0xfeff]
pci_bus 0000:02: resource 0 [io  0x2000-0x3fff]
pci_bus 0000:02: resource 1 [mem 0xd8900000-0xd9cfffff]
pci_bus 0000:02: resource 2 [mem 0xdc400000-0xdc9fffff 64bit pref]
pci_bus 0000:02: resource 4 [mem 0x000a0000-0x000bffff]
pci_bus 0000:02: resource 5 [mem 0x000cc000-0x000cffff]
pci_bus 0000:02: resource 6 [mem 0x000d0000-0x000d3fff]
pci_bus 0000:02: resource 7 [mem 0x000d4000-0x000d7fff]
pci_bus 0000:02: resource 8 [mem 0x000d8000-0x000dbfff]
pci_bus 0000:02: resource 9 [mem 0x000e4000-0x000e7fff]
pci_bus 0000:02: resource 10 [mem 0xc0000000-0xfebfffff]
pci_bus 0000:02: resource 11 [io  0x0000-0x0cf7]
pci_bus 0000:02: resource 12 [io  0x0d00-0xfeff]
pci_bus 0000:03: resource 0 [io  0x4000-0x4fff]
pci_bus 0000:03: resource 1 [mem 0xd9d00000-0xd9dfffff]
pci_bus 0000:03: resource 2 [mem 0xdca00000-0xdcafffff 64bit pref]
pci_bus 0000:04: resource 0 [io  0x8000-0x8fff]
pci_bus 0000:04: resource 1 [mem 0xda100000-0xda1fffff]
pci_bus 0000:04: resource 2 [mem 0xdce00000-0xdcefffff 64bit pref]
pci_bus 0000:05: resource 0 [io  0xc000-0xcfff]
pci_bus 0000:05: resource 1 [mem 0xda500000-0xda5fffff]
pci_bus 0000:05: resource 2 [mem 0xdd200000-0xdd2fffff 64bit pref]
pci_bus 0000:06: resource 1 [mem 0xda900000-0xda9fffff]
pci_bus 0000:06: resource 2 [mem 0xdd600000-0xdd6fffff 64bit pref]
pci_bus 0000:07: resource 1 [mem 0xdad00000-0xdadfffff]
pci_bus 0000:07: resource 2 [mem 0xdda00000-0xddafffff 64bit pref]
pci_bus 0000:08: resource 1 [mem 0xdb100000-0xdb1fffff]
pci_bus 0000:08: resource 2 [mem 0xdde00000-0xddefffff 64bit pref]
pci_bus 0000:09: resource 1 [mem 0xdb500000-0xdb5fffff]
pci_bus 0000:09: resource 2 [mem 0xde200000-0xde2fffff 64bit pref]
pci_bus 0000:0a: resource 1 [mem 0xdb900000-0xdb9fffff]
pci_bus 0000:0a: resource 2 [mem 0xde600000-0xde6fffff 64bit pref]
pci_bus 0000:0b: resource 0 [io  0x5000-0x5fff]
pci_bus 0000:0b: resource 1 [mem 0xd9e00000-0xd9efffff]
pci_bus 0000:0b: resource 2 [mem 0xdcb00000-0xdcbfffff 64bit pref]
pci_bus 0000:0c: resource 0 [io  0x9000-0x9fff]
pci_bus 0000:0c: resource 1 [mem 0xda200000-0xda2fffff]
pci_bus 0000:0c: resource 2 [mem 0xdcf00000-0xdcffffff 64bit pref]
pci_bus 0000:0d: resource 0 [io  0xd000-0xdfff]
pci_bus 0000:0d: resource 1 [mem 0xda600000-0xda6fffff]
pci_bus 0000:0d: resource 2 [mem 0xdd300000-0xdd3fffff 64bit pref]
pci_bus 0000:0e: resource 1 [mem 0xdaa00000-0xdaafffff]
pci_bus 0000:0e: resource 2 [mem 0xdd700000-0xdd7fffff 64bit pref]
pci_bus 0000:0f: resource 1 [mem 0xdae00000-0xdaefffff]
pci_bus 0000:0f: resource 2 [mem 0xddb00000-0xddbfffff 64bit pref]
pci_bus 0000:10: resource 1 [mem 0xdb200000-0xdb2fffff]
pci_bus 0000:10: resource 2 [mem 0xddf00000-0xddffffff 64bit pref]
pci_bus 0000:11: resource 1 [mem 0xdb600000-0xdb6fffff]
pci_bus 0000:11: resource 2 [mem 0xde300000-0xde3fffff 64bit pref]
pci_bus 0000:12: resource 1 [mem 0xdba00000-0xdbafffff]
pci_bus 0000:12: resource 2 [mem 0xde700000-0xde7fffff 64bit pref]
pci_bus 0000:13: resource 0 [io  0x6000-0x6fff]
pci_bus 0000:13: resource 1 [mem 0xd9f00000-0xd9ffffff]
pci_bus 0000:13: resource 2 [mem 0xdcc00000-0xdccfffff 64bit pref]
pci_bus 0000:14: resource 0 [io  0xa000-0xafff]
pci_bus 0000:14: resource 1 [mem 0xda300000-0xda3fffff]
pci_bus 0000:14: resource 2 [mem 0xdd000000-0xdd0fffff 64bit pref]
pci_bus 0000:15: resource 0 [io  0xe000-0xefff]
pci_bus 0000:15: resource 1 [mem 0xda700000-0xda7fffff]
pci_bus 0000:15: resource 2 [mem 0xdd400000-0xdd4fffff 64bit pref]
pci_bus 0000:16: resource 1 [mem 0xdab00000-0xdabfffff]
pci_bus 0000:16: resource 2 [mem 0xdd800000-0xdd8fffff 64bit pref]
pci_bus 0000:17: resource 1 [mem 0xdaf00000-0xdaffffff]
pci_bus 0000:17: resource 2 [mem 0xddc00000-0xddcfffff 64bit pref]
pci_bus 0000:18: resource 1 [mem 0xdb300000-0xdb3fffff]
pci_bus 0000:18: resource 2 [mem 0xde000000-0xde0fffff 64bit pref]
pci_bus 0000:19: resource 1 [mem 0xdb700000-0xdb7fffff]
pci_bus 0000:19: resource 2 [mem 0xde400000-0xde4fffff 64bit pref]
pci_bus 0000:1a: resource 1 [mem 0xdbb00000-0xdbbfffff]
pci_bus 0000:1a: resource 2 [mem 0xde800000-0xde8fffff 64bit pref]
pci_bus 0000:1b: resource 0 [io  0x7000-0x7fff]
pci_bus 0000:1b: resource 1 [mem 0xda000000-0xda0fffff]
pci_bus 0000:1b: resource 2 [mem 0xdcd00000-0xdcdfffff 64bit pref]
pci_bus 0000:1c: resource 0 [io  0xb000-0xbfff]
pci_bus 0000:1c: resource 1 [mem 0xda400000-0xda4fffff]
pci_bus 0000:1c: resource 2 [mem 0xdd100000-0xdd1fffff 64bit pref]
pci_bus 0000:1d: resource 1 [mem 0xda800000-0xda8fffff]
pci_bus 0000:1d: resource 2 [mem 0xdd500000-0xdd5fffff 64bit pref]
pci_bus 0000:1e: resource 1 [mem 0xdac00000-0xdacfffff]
pci_bus 0000:1e: resource 2 [mem 0xdd900000-0xdd9fffff 64bit pref]
pci_bus 0000:1f: resource 1 [mem 0xdb000000-0xdb0fffff]
pci_bus 0000:1f: resource 2 [mem 0xddd00000-0xdddfffff 64bit pref]
pci_bus 0000:20: resource 1 [mem 0xdb400000-0xdb4fffff]
pci_bus 0000:20: resource 2 [mem 0xde100000-0xde1fffff 64bit pref]
pci_bus 0000:21: resource 1 [mem 0xdb800000-0xdb8fffff]
pci_bus 0000:21: resource 2 [mem 0xde500000-0xde5fffff 64bit pref]
pci_bus 0000:22: resource 1 [mem 0xdbc00000-0xdbcfffff]
pci_bus 0000:22: resource 2 [mem 0xde900000-0xde9fffff 64bit pref]
NET: Registered protocol family 2
IP route cache hash table entries: 131072 (order: 8, 1048576 bytes)
TCP established hash table entries: 262144 (order: 10, 4194304 bytes)
TCP bind hash table entries: 65536 (order: 9, 2097152 bytes)
TCP: Hash tables configured (established 262144 bind 65536)
TCP reno registered
UDP hash table entries: 2048 (order: 5, 196608 bytes)
UDP-Lite hash table entries: 2048 (order: 5, 196608 bytes)
NET: Registered protocol family 1
RPC: Registered named UNIX socket transport module.
RPC: Registered udp transport module.
RPC: Registered tcp transport module.
RPC: Registered tcp NFSv4.1 backchannel transport module.
pci 0000:00:00.0: Limiting direct PCI/PCI transfers
pci 0000:00:0f.0: Boot video device
PCI: CLS mismatch (32 != 64), using 64 bytes
Trying to unpack rootfs image as initramfs...
Freeing initrd memory: 2312k freed
Simple Boot Flag at 0x36 set to 0x80
HugeTLB registered 2 MB page size, pre-allocated 0 pages
Installing knfsd (copyright (C) 1996 okir@monad.swb.de).
fuse init (API version 7.16)
JFS: nTxBlock = 8192, nTxLock = 65536
SGI XFS with ACLs, security attributes, large block/inode numbers, no debug enabled
SGI XFS Quota Management subsystem
Btrfs loaded
msgmni has been set to 4282
Block layer SCSI generic (bsg) driver version 0.4 loaded (major 254)
io scheduler noop registered
io scheduler deadline registered
io scheduler cfq registered (default)
Serial: 8250/16550 driver, 4 ports, IRQ sharing enabled
serial8250: ttyS0 at I/O 0x3f8 (irq = 4) is a 16550A
serial8250: ttyS1 at I/O 0x2f8 (irq = 3) is a 16550A
00:09: ttyS0 at I/O 0x3f8 (irq = 4) is a 16550A
00:0a: ttyS1 at I/O 0x2f8 (irq = 3) is a 16550A
Real Time Clock Driver v1.12b
Non-volatile memory driver v1.3
Linux agpgart interface v0.103
agpgart-intel 0000:00:00.0: Intel 440BX Chipset
agpgart-intel 0000:00:00.0: AGP aperture is 256M @ 0x0
brd: module loaded
loop: module loaded
Uniform Multi-Platform E-IDE driver
piix 0000:00:07.1: IDE controller (0x8086:0x7111 rev 0x01)
piix 0000:00:07.1: not 100% native mode: will probe irqs later
    ide0: BM-DMA at 0x10c0-0x10c7
    ide1: BM-DMA at 0x10c8-0x10cf
Probing IDE interface ide0...
Refined TSC clocksource calibration: 2393.006 MHz.
Switching to clocksource tsc
Probing IDE interface ide1...
hdc: VMware Virtual IDE CDROM Drive, ATAPI CD/DVD-ROM drive
hdc: host max PIO4 wanted PIO255(auto-tune) selected PIO4
hdc: UDMA/33 mode selected
ide0 at 0x1f0-0x1f7,0x3f6 on irq 14
ide1 at 0x170-0x177,0x376 on irq 15
ide-gd driver 1.18
megasas: 00.00.05.38-rc1 Wed. May. 11 17:00:00 PDT 2011
mpt2sas version 08.100.00.02 loaded
tun: Universal TUN/TAP device driver, 1.6
tun: (C) 1999-2004 Max Krasnyansky <maxk@qualcomm.com>
Fusion MPT base driver 3.04.19
Copyright (c) 1999-2008 LSI Corporation
Fusion MPT SPI Host driver 3.04.19
mptspi 0000:00:10.0: PCI INT A -> GSI 17 (level, low) -> IRQ 17
mptbase: ioc0: Initiating bringup
ioc0: LSI53C1030 B0: Capabilities={Initiator}
scsi0 : ioc0: LSI53C1030 B0, FwRev=01032920h, Ports=1, MaxQ=128, IRQ=17
Fusion MPT FC Host driver 3.04.19
scsi 0:0:0:0: Direct-Access     VMware,  VMware Virtual S 1.0  PQ: 0 ANSI: 2
Fusion MPT SAS Host driver 3.04.19
ehci_hcd: USB 2.0 'Enhanced' Host Controller (EHCI) Driver
ohci_hcd: USB 1.1 'Open' Host Controller (OHCI) Driver
uhci_hcd: USB Universal Host Controller Interface driver
scsi target0:0:0: Beginning Domain Validation
scsi target0:0:0: Domain Validation skipping write tests
i8042: PNP: PS/2 Controller [PNP0303:KBC,PNP0f13:MOUS] at 0x60,0x64 irq 1,12
scsi target0:0:0: Ending Domain Validation
scsi target0:0:0: FAST-40 WIDE SCSI 80.0 MB/s ST (25 ns, offset 127)
scsi 0:0:1:0: Direct-Access     VMware,  VMware Virtual S 1.0  PQ: 0 ANSI: 2
scsi target0:0:1: Beginning Domain Validation
scsi target0:0:1: Domain Validation skipping write tests
scsi target0:0:1: Ending Domain Validation
scsi target0:0:1: FAST-40 WIDE SCSI 80.0 MB/s ST (25 ns, offset 127)
scsi 0:0:2:0: Direct-Access     VMware,  VMware Virtual S 1.0  PQ: 0 ANSI: 2
scsi target0:0:2: Beginning Domain Validation
scsi target0:0:2: Domain Validation skipping write tests
scsi target0:0:2: Ending Domain Validation
scsi target0:0:2: FAST-40 WIDE SCSI 80.0 MB/s ST (25 ns, offset 127)
scsi 0:0:3:0: Direct-Access     VMware,  VMware Virtual S 1.0  PQ: 0 ANSI: 2
scsi target0:0:3: Beginning Domain Validation
scsi target0:0:3: Domain Validation skipping write tests
scsi target0:0:3: Ending Domain Validation
scsi target0:0:3: FAST-40 WIDE SCSI 80.0 MB/s ST (25 ns, offset 127)
sd 0:0:0:0: [sda] 33554432 512-byte logical blocks: (17.1 GB/16.0 GiB)
sd 0:0:0:0: [sda] Write Protect is off
sd 0:0:0:0: Attached scsi generic sg0 type 0
sd 0:0:0:0: [sda] Mode Sense: 5d 00 00 00
sd 0:0:0:0: [sda] Cache data unavailable
sd 0:0:0:0: [sda] Assuming drive cache: write through
sd 0:0:0:0: [sda] Cache data unavailable
sd 0:0:0:0: [sda] Assuming drive cache: write through
 sda: sda1 sda2
sd 0:0:1:0: [sdb] 8388608 512-byte logical blocks: (4.29 GB/4.00 GiB)
sd 0:0:1:0: [sdb] Write Protect is off
sd 0:0:1:0: [sdb] Mode Sense: 5d 00 00 00
sd 0:0:1:0: [sdb] Cache data unavailable
sd 0:0:1:0: [sdb] Assuming drive cache: write through
sd 0:0:1:0: [sdb] Cache data unavailable
sd 0:0:1:0: [sdb] Assuming drive cache: write through
 sdb: sdb1
sd 0:0:1:0: Attached scsi generic sg1 type 0
sd 0:0:2:0: [sdc] 8388608 512-byte logical blocks: (4.29 GB/4.00 GiB)
sd 0:0:2:0: [sdc] Write Protect is off
sd 0:0:2:0: [sdc] Mode Sense: 5d 00 00 00
sd 0:0:2:0: [sdc] Cache data unavailable
sd 0:0:2:0: [sdc] Assuming drive cache: write through
sd 0:0:2:0: [sdc] Cache data unavailable
sd 0:0:2:0: [sdc] Assuming drive cache: write through
 sdc: unknown partition table
sd 0:0:2:0: Attached scsi generic sg2 type 0
serio: i8042 KBD port at 0x60,0x64 irq 1
serio: i8042 AUX port at 0x60,0x64 irq 12
sd 0:0:1:0: [sdb] Cache data unavailable
sd 0:0:1:0: [sdb] Assuming drive cache: write through
sd 0:0:2:0: [sdc] Cache data unavailable
sd 0:0:2:0: [sdc] Assuming drive cache: write through
sd 0:0:2:0: [sdc] Attached SCSI disk
sd 0:0:1:0: [sdb] Attached SCSI disk
mousedev: PS/2 mouse device common for all mice
cpuidle: using governor ladder
sd 0:0:0:0: [sda] Cache data unavailable
sd 0:0:0:0: [sda] Assuming drive cache: write through
sd 0:0:0:0: [sda] Attached SCSI disk
cpuidle: using governor menu
sd 0:0:3:0: [sdd] 8388608 512-byte logical blocks: (4.29 GB/4.00 GiB)
sd 0:0:3:0: [sdd] Write Protect is off
sd 0:0:3:0: [sdd] Mode Sense: 5d 00 00 00
sd 0:0:3:0: [sdd] Cache data unavailable
sd 0:0:3:0: [sdd] Assuming drive cache: write through
sd 0:0:3:0: [sdd] Cache data unavailable
sd 0:0:3:0: [sdd] Assuming drive cache: write through
sd 0:0:3:0: Attached scsi generic sg3 type 0
 sdd: unknown partition table
input: AT Translated Set 2 keyboard as /devices/platform/i8042/serio0/input/input0
sd 0:0:3:0: [sdd] Cache data unavailable
sd 0:0:3:0: [sdd] Assuming drive cache: write through
sd 0:0:3:0: [sdd] Attached SCSI disk
input: ImPS/2 Generic Wheel Mouse as /devices/platform/i8042/serio1/input/input1
usbcore: registered new interface driver usbhid
usbhid: USB HID core driver
oprofile: using NMI interrupt.
TCP cubic registered
Initializing XFRM netlink socket
NET: Registered protocol family 17
Registering the dns_resolver key type
Freeing unused kernel memory: 504k freed
Write protecting the kernel read-only data: 10240k
Freeing unused kernel memory: 952k freed
Freeing unused kernel memory: 1960k freed
nash-hotplug (757): /proc/757/oom_adj is deprecated, please use /proc/757/oom_score_adj instead.
libata version 3.00 loaded.
device-mapper: ioctl: 4.20.0-ioctl (2011-02-02) initialised: dm-devel@redhat.com
EXT3-fs (sda1): recovery required on readonly filesystem
EXT3-fs (sda1): write access will be enabled during recovery
EXT3-fs: barriers not enabled
kjournald starting.  Commit interval 5 seconds
EXT3-fs (sda1): recovery complete
EXT3-fs (sda1): mounted filesystem with writeback data mode
piix4_smbus 0000:00:07.3: Host SMBus controller not enabled!
e1000: Intel(R) PRO/1000 Network Driver - version 7.3.21-k8-NAPI
e1000: Copyright (c) 1999-2006 Intel Corporation.
e1000 0000:02:01.0: PCI INT A -> GSI 19 (level, low) -> IRQ 19
e1000 0000:02:01.0: setting latency timer to 64
e1000 0000:02:01.0: eth0: (PCI:66MHz:32-bit) 00:0c:29:c7:28:59
e1000 0000:02:01.0: eth0: Intel(R) PRO/1000 Network Connection
md: Autodetecting RAID arrays.
md: Scanned 0 and added 0 devices.
md: autorun ...
md: ... autorun DONE.
device-mapper: multipath: version 1.3.0 loaded
EXT3-fs (sda1): using internal journal
Adding 2096476k swap on /dev/sda2.  Priority:-1 extents:1 across:2096476k 
warning: process `kudzu' used the deprecated sysctl system call with 1.23.
Loading iSCSI transport class v2.0-870.
libcxgbi:libcxgbi_init_module: tag itt 0x1fff, 13 bits, age 0xf, 4 bits.
libcxgbi:ddp_setup_host_page_size: system PAGE 4096, ddp idx 0.
Chelsio T3 iSCSI Driver cxgb3i v2.0.0 (Jun. 2010)
iscsi: registered transport (cxgb3i)
e1000: eth0 NIC Link is Up 1000 Mbps Full Duplex, Flow Control: None
warning: `dbus-daemon' uses 32-bit capabilities (legacy support in use)
device-mapper: green: green initialized
device-mapper: green: green_ctr (argc: 6)
device-mapper: green: extent size: 16;  extent shift: 4
device-mapper: green: check_header: Metadata header dismatch
device-mapper: green: no useable metadata on disk
device-mapper: green: alloc_table: table created
device-mapper: green: free extent on disk 0: 16
device-mapper: green: free extent on disk 1: 16
device-mapper: green: 4294856614: map(sector 0 -> extent 0)
device-mapper: green: get_from_cache: get 0 (15 extents left)
device-mapper: green: map: virtual 0 -> physical 0
device-mapper: green: 4294856614: map(sector 8 -> extent 0)
device-mapper: green: map: virtual 0 -> physical 0
device-mapper: green: 4294856614: map(sector 16 -> extent 1)
device-mapper: green: get_from_cache: get 1 (14 extents left)
device-mapper: green: map: virtual 1 -> physical 1
device-mapper: green: 4294856614: map(sector 24 -> extent 1)
device-mapper: green: map: virtual 1 -> physical 1
device-mapper: green: 4294856614: map(sector 32 -> extent 2)
device-mapper: green: get_from_cache: get 2 (13 extents left)
device-mapper: green: map: virtual 2 -> physical 2
device-mapper: green: 4294856615: map(sector 40 -> extent 2)
device-mapper: green: map: virtual 2 -> physical 2
device-mapper: green: 4294856615: map(sector 48 -> extent 3)
device-mapper: green: get_from_cache: get 3 (12 extents left)
device-mapper: green: map: virtual 3 -> physical 3
device-mapper: green: 4294856616: map(sector 56 -> extent 3)
device-mapper: green: map: virtual 3 -> physical 3
device-mapper: green: 4294856616: map(sector 64 -> extent 4)
device-mapper: green: get_from_cache: get 4 (11 extents left)
device-mapper: green: map: virtual 4 -> physical 4
device-mapper: green: 4294856616: map(sector 72 -> extent 4)
device-mapper: green: map: virtual 4 -> physical 4
device-mapper: green: 4294856617: map(sector 80 -> extent 5)
device-mapper: green: get_from_cache: get 5 (10 extents left)
device-mapper: green: map: virtual 5 -> physical 5
device-mapper: green: 4294856617: map(sector 88 -> extent 5)
device-mapper: green: map: virtual 5 -> physical 5
device-mapper: green: 4294856617: map(sector 96 -> extent 6)
device-mapper: green: get_from_cache: get 6 (9 extents left)
device-mapper: green: map: virtual 6 -> physical 6
device-mapper: green: 4294856618: map(sector 104 -> extent 6)
device-mapper: green: map: virtual 6 -> physical 6
device-mapper: green: 4294856619: map(sector 112 -> extent 7)
device-mapper: green: get_from_cache: get 7 (8 extents left)
device-mapper: green: map: virtual 7 -> physical 7
device-mapper: green: 4294856619: map(sector 120 -> extent 7)
device-mapper: green: map: virtual 7 -> physical 7
device-mapper: green: 4294856619: map(sector 128 -> extent 8)
device-mapper: green: get_from_cache: get 8 (7 extents left)
device-mapper: green: map: virtual 8 -> physical 8
device-mapper: green: 4294856619: map(sector 136 -> extent 8)
device-mapper: green: map: virtual 8 -> physical 8
device-mapper: green: 4294856620: map(sector 144 -> extent 9)
device-mapper: green: get_from_cache: get 9 (6 extents left)
device-mapper: green: map: virtual 9 -> physical 9
device-mapper: green: 4294856620: map(sector 152 -> extent 9)
device-mapper: green: map: virtual 9 -> physical 9
device-mapper: green: 4294856620: map(sector 160 -> extent 10)
device-mapper: green: get_from_cache: get 10 (5 extents left)
device-mapper: green: map: virtual 10 -> physical 10
device-mapper: green: 4294856621: map(sector 168 -> extent 10)
device-mapper: green: map: virtual 10 -> physical 10
device-mapper: green: 4294856621: map(sector 176 -> extent 11)
device-mapper: green: get_from_cache: get 11 (4 extents left)
device-mapper: green: map: virtual 11 -> physical 11
device-mapper: green: 4294856622: map(sector 184 -> extent 11)
device-mapper: green: map: virtual 11 -> physical 11
device-mapper: green: 4294856622: map(sector 192 -> extent 12)
device-mapper: green: get_from_cache: get 12 (3 extents left)
device-mapper: green: map: virtual 12 -> physical 12
device-mapper: green: 4294856622: map(sector 200 -> extent 12)
device-mapper: green: map: virtual 12 -> physical 12
device-mapper: green: 4294856623: map(sector 208 -> extent 13)
device-mapper: green: get_from_cache: get 13 (2 extents left)
device-mapper: green: map: virtual 13 -> physical 13
device-mapper: green: 4294856623: map(sector 216 -> extent 13)
device-mapper: green: map: virtual 13 -> physical 13
device-mapper: green: 4294856623: map(sector 224 -> extent 14)
device-mapper: green: get_from_cache: get 14 (1 extents left)
device-mapper: green: map: virtual 14 -> physical 14
device-mapper: green: 4294856624: map(sector 232 -> extent 14)
device-mapper: green: map: virtual 14 -> physical 14
device-mapper: green: 4294856624: map(sector 240 -> extent 15)
device-mapper: green: get_from_cache: get 15 (0 extents left)
device-mapper: green: map: virtual 15 -> physical 15
device-mapper: green: 4294856625: map(sector 248 -> extent 15)
device-mapper: green: map: virtual 15 -> physical 15
device-mapper: green: 4294868387: map(sector 0 -> extent 0)
device-mapper: green: map: virtual 0 -> physical 0
device-mapper: green: 4294868388: map(sector 8 -> extent 0)
device-mapper: green: map: virtual 0 -> physical 0
device-mapper: green: 4294868388: map(sector 16 -> extent 1)
device-mapper: green: map: virtual 1 -> physical 1
device-mapper: green: 4294868388: map(sector 24 -> extent 1)
device-mapper: green: map: virtual 1 -> physical 1
device-mapper: green: 4294868388: map(sector 32 -> extent 2)
device-mapper: green: map: virtual 2 -> physical 2
device-mapper: green: 4294868389: map(sector 40 -> extent 2)
device-mapper: green: map: virtual 2 -> physical 2
device-mapper: green: 4294868389: map(sector 48 -> extent 3)
device-mapper: green: map: virtual 3 -> physical 3
device-mapper: green: 4294868389: map(sector 56 -> extent 3)
device-mapper: green: map: virtual 3 -> physical 3
device-mapper: green: 4294868390: map(sector 64 -> extent 4)
device-mapper: green: map: virtual 4 -> physical 4
device-mapper: green: 4294868390: map(sector 72 -> extent 4)
device-mapper: green: map: virtual 4 -> physical 4
device-mapper: green: 4294868390: map(sector 80 -> extent 5)
device-mapper: green: map: virtual 5 -> physical 5
device-mapper: green: 4294868391: map(sector 88 -> extent 5)
device-mapper: green: map: virtual 5 -> physical 5
device-mapper: green: 4294868391: map(sector 96 -> extent 6)
device-mapper: green: map: virtual 6 -> physical 6
device-mapper: green: 4294868391: map(sector 104 -> extent 6)
device-mapper: green: map: virtual 6 -> physical 6
device-mapper: green: 4294868391: map(sector 112 -> extent 7)
device-mapper: green: map: virtual 7 -> physical 7
device-mapper: green: 4294868392: map(sector 120 -> extent 7)
device-mapper: green: map: virtual 7 -> physical 7
device-mapper: green: 4294868392: map(sector 128 -> extent 8)
device-mapper: green: map: virtual 8 -> physical 8
device-mapper: green: 4294868393: map(sector 136 -> extent 8)
device-mapper: green: map: virtual 8 -> physical 8
device-mapper: green: 4294868393: map(sector 144 -> extent 9)
device-mapper: green: map: virtual 9 -> physical 9
device-mapper: green: 4294868393: map(sector 152 -> extent 9)
device-mapper: green: map: virtual 9 -> physical 9
device-mapper: green: 4294868393: map(sector 160 -> extent 10)
device-mapper: green: map: virtual 10 -> physical 10
device-mapper: green: 4294868394: map(sector 168 -> extent 10)
device-mapper: green: map: virtual 10 -> physical 10
device-mapper: green: 4294868394: map(sector 176 -> extent 11)
device-mapper: green: map: virtual 11 -> physical 11
device-mapper: green: 4294868394: map(sector 184 -> extent 11)
device-mapper: green: map: virtual 11 -> physical 11
device-mapper: green: 4294868394: map(sector 192 -> extent 12)
device-mapper: green: map: virtual 12 -> physical 12
device-mapper: green: 4294868395: map(sector 200 -> extent 12)
device-mapper: green: map: virtual 12 -> physical 12
device-mapper: green: 4294868402: map(sector 208 -> extent 13)
device-mapper: green: map: virtual 13 -> physical 13
device-mapper: green: 4294868403: map(sector 216 -> extent 13)
device-mapper: green: map: virtual 13 -> physical 13
device-mapper: green: 4294868403: map(sector 224 -> extent 14)
device-mapper: green: map: virtual 14 -> physical 14
device-mapper: green: 4294868403: map(sector 232 -> extent 14)
device-mapper: green: map: virtual 14 -> physical 14
device-mapper: green: 4294868403: map(sector 240 -> extent 15)
device-mapper: green: map: virtual 15 -> physical 15
device-mapper: green: 4294868404: map(sector 248 -> extent 15)
device-mapper: green: map: virtual 15 -> physical 15
device-mapper: green: 4294868404: map(sector 256 -> extent 16)
device-mapper: green: get_extent: 16 obtained
device-mapper: green: map: virtual 16 -> physical 16
device-mapper: green: promote_extent: promoting
device-mapper: green: promote_extent: no extent on cache disk
device-mapper: green: evict_extent: Eviction
device-mapper: green: lru_extent: cursor at 1
device-mapper: green: lru_extent: Extent 1 accessed
device-mapper: green: lru_extent: cursor at 2
device-mapper: green: lru_extent: Extent 2 accessed
device-mapper: green: lru_extent: cursor at 3
device-mapper: green: lru_extent: Extent 3 accessed
device-mapper: green: lru_extent: cursor at 4
device-mapper: green: lru_extent: Extent 4 accessed
device-mapper: green: lru_extent: cursor at 5
device-mapper: green: lru_extent: Extent 5 accessed
device-mapper: green: lru_extent: cursor at 6
device-mapper: green: lru_extent: Extent 6 accessed
device-mapper: green: lru_extent: cursor at 7
device-mapper: green: lru_extent: Extent 7 accessed
device-mapper: green: lru_extent: cursor at 8
device-mapper: green: lru_extent: Extent 8 accessed
device-mapper: green: lru_extent: cursor at 9
device-mapper: green: lru_extent: Extent 9 accessed
device-mapper: green: lru_extent: cursor at 10
device-mapper: green: lru_extent: Extent 10 accessed
device-mapper: green: lru_extent: cursor at 11
device-mapper: green: lru_extent: Extent 11 accessed
device-mapper: green: lru_extent: cursor at 12
device-mapper: green: lru_extent: Extent 12 accessed
device-mapper: green: lru_extent: cursor at 13
device-mapper: green: lru_extent: Extent 13 accessed
device-mapper: green: lru_extent: cursor at 14
device-mapper: green: lru_extent: Extent 14 accessed
device-mapper: green: lru_extent: cursor at 15
device-mapper: green: lru_extent: Extent 15 accessed
device-mapper: green: lru_extent: cursor at 0
device-mapper: green: lru_extent: Extent 0 accessed
device-mapper: green: lru_extent: cursor at 1
device-mapper: green: evict_extent: LRU extent is 1
device-mapper: green: get_extent: 17 obtained
device-mapper: green: evict_extent: Evict extent 1 from 1 to 17
device-mapper: green: 4294868416: map(sector 264 -> extent 16)
device-mapper: green: evict_callback: ext 1 -> 17, next (2), prev (0)
device-mapper: green: evict_callback: extent 1 is remapped to extent 17
device-mapper: green: put_cache: 1 cache extents left
device-mapper: green: map: virtual 16 -> physical 16
device-mapper: green: promote_extent: promoting
device-mapper: green: get_from_cache: get 1 (0 extents left)
device-mapper: green: promote: extent 16 is remapped to extent 1
device-mapper: green: promote: extent 16 is remapped to extent 1
device-mapper: green: put_cache: 1 cache extents left
device-mapper: green: 4294908792: map(sector 0 -> extent 0)
device-mapper: green: map: virtual 0 -> physical 0
device-mapper: green: 4294908792: map(sector 8 -> extent 0)
device-mapper: green: map: virtual 0 -> physical 0
device-mapper: green: 4294908792: map(sector 16 -> extent 1)
device-mapper: green: map: virtual 1 -> physical 17
device-mapper: green: promote_extent: promoting
device-mapper: green: get_from_cache: get 1 (0 extents left)
device-mapper: green: 4294908793: map(sector 24 -> extent 1)
device-mapper: green: map: virtual 1 -> physical 17
device-mapper: green: promote_extent: promoting
device-mapper: green: promote: extent 1 is remapped to extent 1
device-mapper: green: promote_extent: no extent on cache disk
device-mapper: green: evict_extent: Eviction
device-mapper: green: lru_extent: cursor at 2
device-mapper: green: evict_extent: LRU extent is 2
device-mapper: green: get_extent: 16 obtained
device-mapper: green: evict_extent: Evict extent 2 from 2 to 16
device-mapper: green: 4294908795: map(sector 32 -> extent 2)
device-mapper: green: map: virtual 2 -> physical 2
device-mapper: green: evict_callback: ext 2 -> 16, next (3), prev (0)
device-mapper: green: evict_callback: cancel eviction because of access
device-mapper: green: promote: extent 1 is remapped to extent 2
device-mapper: green: put_cache: 1 cache extents left
device-mapper: green: 4294908796: map(sector 40 -> extent 2)
device-mapper: green: map: virtual 2 -> physical 2
device-mapper: green: 4294908796: map(sector 48 -> extent 3)
device-mapper: green: map: virtual 3 -> physical 3
device-mapper: green: 4294908797: map(sector 56 -> extent 3)
device-mapper: green: map: virtual 3 -> physical 3
device-mapper: green: 4294908797: map(sector 64 -> extent 4)
device-mapper: green: map: virtual 4 -> physical 4
device-mapper: green: 4294908797: map(sector 72 -> extent 4)
device-mapper: green: map: virtual 4 -> physical 4
device-mapper: green: 4294908797: map(sector 80 -> extent 5)
device-mapper: green: map: virtual 5 -> physical 5
device-mapper: green: 4294908798: map(sector 88 -> extent 5)
device-mapper: green: map: virtual 5 -> physical 5
device-mapper: green: 4294908798: map(sector 96 -> extent 6)
device-mapper: green: map: virtual 6 -> physical 6
device-mapper: green: 4294908798: map(sector 104 -> extent 6)
device-mapper: green: map: virtual 6 -> physical 6
device-mapper: green: 4294908798: map(sector 112 -> extent 7)
device-mapper: green: map: virtual 7 -> physical 7
device-mapper: green: 4294908799: map(sector 120 -> extent 7)
device-mapper: green: map: virtual 7 -> physical 7
device-mapper: green: 4294908799: map(sector 128 -> extent 8)
device-mapper: green: map: virtual 8 -> physical 8
device-mapper: green: 4294908799: map(sector 136 -> extent 8)
device-mapper: green: map: virtual 8 -> physical 8
device-mapper: green: 4294908799: map(sector 144 -> extent 9)
device-mapper: green: map: virtual 9 -> physical 9
device-mapper: green: 4294908805: map(sector 152 -> extent 9)
device-mapper: green: map: virtual 9 -> physical 9
device-mapper: green: 4294908805: map(sector 160 -> extent 10)
device-mapper: green: map: virtual 10 -> physical 10
device-mapper: green: 4294908805: map(sector 168 -> extent 10)
device-mapper: green: map: virtual 10 -> physical 10
device-mapper: green: 4294908805: map(sector 176 -> extent 11)
device-mapper: green: map: virtual 11 -> physical 11
device-mapper: green: 4294908806: map(sector 184 -> extent 11)
device-mapper: green: map: virtual 11 -> physical 11
device-mapper: green: 4294908807: map(sector 192 -> extent 12)
device-mapper: green: map: virtual 12 -> physical 12
device-mapper: green: 4294908807: map(sector 200 -> extent 12)
device-mapper: green: map: virtual 12 -> physical 12
device-mapper: green: 4294908807: map(sector 208 -> extent 13)
device-mapper: green: map: virtual 13 -> physical 13
device-mapper: green: 4294908807: map(sector 216 -> extent 13)
device-mapper: green: map: virtual 13 -> physical 13
device-mapper: green: 4294908807: map(sector 224 -> extent 14)
device-mapper: green: map: virtual 14 -> physical 14
device-mapper: green: 4294908807: map(sector 232 -> extent 14)
device-mapper: green: map: virtual 14 -> physical 14
device-mapper: green: 4294908807: map(sector 240 -> extent 15)
device-mapper: green: map: virtual 15 -> physical 15
device-mapper: green: 4294908809: map(sector 248 -> extent 15)
device-mapper: green: map: virtual 15 -> physical 15
device-mapper: green: 4294908809: map(sector 256 -> extent 16)
device-mapper: green: map: virtual 16 -> physical 1
device-mapper: green: 4294908809: map(sector 264 -> extent 16)
device-mapper: green: map: virtual 16 -> physical 1
device-mapper: green: 4294908809: map(sector 272 -> extent 17)
device-mapper: green: get_from_cache: get 1 (0 extents left)
device-mapper: green: map: virtual 17 -> physical 1
device-mapper: green: 4294908810: map(sector 280 -> extent 17)
device-mapper: green: map: virtual 17 -> physical 1
device-mapper: green: 4294908815: map(sector 288 -> extent 18)
device-mapper: green: get_extent: 16 obtained
device-mapper: green: map: virtual 18 -> physical 16
device-mapper: green: promote_extent: promoting
device-mapper: green: promote_extent: no extent on cache disk
device-mapper: green: evict_extent: Eviction
device-mapper: green: lru_extent: cursor at 3
device-mapper: green: lru_extent: Extent 3 accessed
device-mapper: green: lru_extent: cursor at 4
device-mapper: green: lru_extent: Extent 4 accessed
device-mapper: green: lru_extent: cursor at 5
device-mapper: green: lru_extent: Extent 5 accessed
device-mapper: green: lru_extent: cursor at 6
device-mapper: green: lru_extent: Extent 6 accessed
device-mapper: green: lru_extent: cursor at 7
device-mapper: green: lru_extent: Extent 7 accessed
device-mapper: green: lru_extent: cursor at 8
device-mapper: green: lru_extent: Extent 8 accessed
device-mapper: green: lru_extent: cursor at 9
device-mapper: green: lru_extent: Extent 9 accessed
device-mapper: green: lru_extent: cursor at 10
device-mapper: green: lru_extent: Extent 10 accessed
device-mapper: green: lru_extent: cursor at 11
device-mapper: green: lru_extent: Extent 11 accessed
device-mapper: green: lru_extent: cursor at 12
device-mapper: green: lru_extent: Extent 12 accessed
device-mapper: green: lru_extent: cursor at 13
device-mapper: green: lru_extent: Extent 13 accessed
device-mapper: green: lru_extent: cursor at 14
device-mapper: green: lru_extent: Extent 14 accessed
device-mapper: green: lru_extent: cursor at 15
device-mapper: green: lru_extent: Extent 15 accessed
device-mapper: green: lru_extent: cursor at 0
device-mapper: green: lru_extent: Extent 0 accessed
device-mapper: green: lru_extent: cursor at 1
device-mapper: green: lru_extent: Extent 1 accessed
device-mapper: green: lru_extent: cursor at 2
device-mapper: green: lru_extent: Extent 2 accessed
device-mapper: green: lru_extent: cursor at 3
device-mapper: green: evict_extent: LRU extent is 3
device-mapper: green: get_extent: 17 obtained
device-mapper: green: evict_extent: Evict extent 3 from 3 to 17
device-mapper: green: evict_callback: ext 3 -> 17, next (4), prev (2)
device-mapper: green: evict_callback: extent 3 is remapped to extent 17
device-mapper: green: put_cache: 1 cache extents left
device-mapper: green: promote: extent 18 is remapped to extent 3
device-mapper: green: 4294908830: map(sector 296 -> extent 18)
device-mapper: green: map: virtual 18 -> physical 3
device-mapper: green: 4294908830: map(sector 304 -> extent 19)
device-mapper: green: get_from_cache: get 3 (0 extents left)
device-mapper: green: map: virtual 19 -> physical 3
device-mapper: green: 4294908830: map(sector 312 -> extent 19)
device-mapper: green: map: virtual 19 -> physical 3
device-mapper: green: 4294908830: map(sector 320 -> extent 20)
device-mapper: green: get_extent: 16 obtained
device-mapper: green: map: virtual 20 -> physical 16
device-mapper: green: promote_extent: promoting
device-mapper: green: promote_extent: no extent on cache disk
device-mapper: green: evict_extent: Eviction
device-mapper: green: lru_extent: cursor at 4
device-mapper: green: evict_extent: LRU extent is 4
device-mapper: green: get_extent: 18 obtained
device-mapper: green: evict_extent: Evict extent 4 from 4 to 18
device-mapper: green: 4294908838: map(sector 328 -> extent 20)
device-mapper: green: map: virtual 20 -> physical 16
device-mapper: green: promote: extent 20 is remapped to extent 4
device-mapper: green: promote_extent: promoting
device-mapper: green: promote_extent: no extent on cache disk
device-mapper: green: evict_extent: Eviction
device-mapper: green: lru_extent: cursor at 5
device-mapper: green: evict_extent: LRU extent is 5
device-mapper: green: get_extent: 16 obtained
device-mapper: green: evict_extent: Evict extent 5 from 5 to 16
device-mapper: green: 4294908839: map(sector 336 -> extent 21)
device-mapper: green: evict_callback: ext 4 -> 18, next (5), prev (2)
device-mapper: green: evict_callback: cancel eviction because of access
device-mapper: green: evict_callback: ext 5 -> 16, next (6), prev (4)
device-mapper: green: evict_callback: extent 5 is remapped to extent 16
device-mapper: green: put_cache: 1 cache extents left
device-mapper: green: get_from_cache: get 5 (0 extents left)
device-mapper: green: map: virtual 21 -> physical 5
device-mapper: green: promote: extent 20 is remapped to extent 5
device-mapper: green: put_cache: 1 cache extents left
device-mapper: green: 4294908841: map(sector 344 -> extent 21)
device-mapper: green: map: virtual 21 -> physical 5
device-mapper: green: 4294908841: map(sector 352 -> extent 22)
device-mapper: green: get_from_cache: get 4 (0 extents left)
device-mapper: green: map: virtual 22 -> physical 4
device-mapper: green: 4294908850: map(sector 360 -> extent 22)
device-mapper: green: map: virtual 22 -> physical 4
device-mapper: green: 4294908850: map(sector 368 -> extent 23)
device-mapper: green: get_extent: 18 obtained
device-mapper: green: map: virtual 23 -> physical 18
device-mapper: green: promote_extent: promoting
device-mapper: green: promote_extent: no extent on cache disk
device-mapper: green: evict_extent: Eviction
device-mapper: green: lru_extent: cursor at 6
device-mapper: green: evict_extent: LRU extent is 6
device-mapper: green: get_extent: 19 obtained
device-mapper: green: evict_extent: Evict extent 6 from 6 to 19
device-mapper: green: evict_callback: ext 6 -> 19, next (7), prev (2)
device-mapper: green: evict_callback: extent 6 is remapped to extent 19
device-mapper: green: 4294908857: map(sector 376 -> extent 23)
device-mapper: green: put_cache: 1 cache extents left
device-mapper: green: map: virtual 23 -> physical 18
device-mapper: green: promote: extent 23 is remapped to extent 6
device-mapper: green: promote_extent: promoting
device-mapper: green: get_from_cache: get 6 (0 extents left)
device-mapper: green: promote: extent 23 is remapped to extent 6
device-mapper: green: put_cache: 1 cache extents left
device-mapper: green: 4294908859: map(sector 384 -> extent 24)
device-mapper: green: get_from_cache: get 6 (0 extents left)
device-mapper: green: map: virtual 24 -> physical 6
device-mapper: green: 4294908859: map(sector 392 -> extent 24)
device-mapper: green: map: virtual 24 -> physical 6
device-mapper: green: 4294908859: map(sector 400 -> extent 25)
device-mapper: green: get_extent: 18 obtained
device-mapper: green: map: virtual 25 -> physical 18
device-mapper: green: promote_extent: promoting
device-mapper: green: promote_extent: no extent on cache disk
device-mapper: green: evict_extent: Eviction
device-mapper: green: lru_extent: cursor at 7
device-mapper: green: evict_extent: LRU extent is 7
device-mapper: green: get_extent: 20 obtained
device-mapper: green: evict_extent: Evict extent 7 from 7 to 20
device-mapper: green: evict_callback: ext 7 -> 20, next (8), prev (2)
device-mapper: green: evict_callback: extent 7 is remapped to extent 20
device-mapper: green: put_cache: 1 cache extents left
device-mapper: green: 4294908862: map(sector 408 -> extent 25)
device-mapper: green: promote: extent 25 is remapped to extent 7
device-mapper: green: map: virtual 25 -> physical 7
device-mapper: green: 4294908867: map(sector 416 -> extent 26)
device-mapper: green: get_from_cache: get 7 (0 extents left)
device-mapper: green: map: virtual 26 -> physical 7
device-mapper: green: 4294908868: map(sector 424 -> extent 26)
device-mapper: green: map: virtual 26 -> physical 7
device-mapper: green: 4294908868: map(sector 432 -> extent 27)
device-mapper: green: get_extent: 18 obtained
device-mapper: green: map: virtual 27 -> physical 18
device-mapper: green: promote_extent: promoting
device-mapper: green: promote_extent: no extent on cache disk
device-mapper: green: evict_extent: Eviction
device-mapper: green: lru_extent: cursor at 8
device-mapper: green: evict_extent: LRU extent is 8
device-mapper: green: get_extent: 21 obtained
device-mapper: green: evict_extent: Evict extent 8 from 8 to 21
device-mapper: green: 4294908870: map(sector 440 -> extent 27)
device-mapper: green: evict_callback: ext 8 -> 21, next (9), prev (2)
device-mapper: green: evict_callback: extent 8 is remapped to extent 21
device-mapper: green: put_cache: 1 cache extents left
device-mapper: green: map: virtual 27 -> physical 18
device-mapper: green: promote: extent 27 is remapped to extent 8
device-mapper: green: promote_extent: promoting
device-mapper: green: get_from_cache: get 8 (0 extents left)
device-mapper: green: promote: extent 27 is remapped to extent 8
device-mapper: green: put_cache: 1 cache extents left
device-mapper: green: 4294908872: map(sector 448 -> extent 28)
device-mapper: green: get_from_cache: get 8 (0 extents left)
device-mapper: green: map: virtual 28 -> physical 8
device-mapper: green: 4294908872: map(sector 456 -> extent 28)
device-mapper: green: map: virtual 28 -> physical 8
device-mapper: green: 4294908877: map(sector 464 -> extent 29)
device-mapper: green: get_extent: 18 obtained
device-mapper: green: map: virtual 29 -> physical 18
device-mapper: green: promote_extent: promoting
device-mapper: green: promote_extent: no extent on cache disk
device-mapper: green: evict_extent: Eviction
device-mapper: green: lru_extent: cursor at 9
device-mapper: green: evict_extent: LRU extent is 9
device-mapper: green: get_extent: 22 obtained
device-mapper: green: evict_extent: Evict extent 9 from 9 to 22
device-mapper: green: evict_callback: ext 9 -> 22, next (10), prev (2)
device-mapper: green: evict_callback: extent 9 is remapped to extent 22
device-mapper: green: put_cache: 1 cache extents left
device-mapper: green: 4294908880: map(sector 472 -> extent 29)
device-mapper: green: promote: extent 29 is remapped to extent 9
device-mapper: green: map: virtual 29 -> physical 9
device-mapper: green: 4294908880: map(sector 480 -> extent 30)
device-mapper: green: get_from_cache: get 9 (0 extents left)
device-mapper: green: map: virtual 30 -> physical 9
device-mapper: green: 4294908881: map(sector 488 -> extent 30)
device-mapper: green: map: virtual 30 -> physical 9
device-mapper: green: 4294908881: map(sector 496 -> extent 31)
device-mapper: green: get_extent: 18 obtained
device-mapper: green: map: virtual 31 -> physical 18
device-mapper: green: promote_extent: promoting
device-mapper: green: promote_extent: no extent on cache disk
device-mapper: green: evict_extent: Eviction
device-mapper: green: lru_extent: cursor at 10
device-mapper: green: evict_extent: LRU extent is 10
device-mapper: green: get_extent: 23 obtained
device-mapper: green: evict_extent: Evict extent 10 from 10 to 23
device-mapper: green: 4294908889: map(sector 504 -> extent 31)
device-mapper: green: evict_callback: ext 10 -> 23, next (11), prev (2)
device-mapper: green: evict_callback: extent 10 is remapped to extent 23
device-mapper: green: put_cache: 1 cache extents left
device-mapper: green: map: virtual 31 -> physical 18
device-mapper: green: promote_extent: promoting
device-mapper: green: promote: extent 31 is remapped to extent 10
device-mapper: green: get_from_cache: get 10 (0 extents left)
device-mapper: green: promote: extent 31 is remapped to extent 10
device-mapper: green: put_cache: 1 cache extents left
device-mapper: green: green_dtr
device-mapper: green: dump_metadata: 0 -> 0 (0)
device-mapper: green: dump_metadata: 1 -> 2 (2)
device-mapper: green: dump_metadata: 2 -> 2 (2)
device-mapper: green: dump_metadata: 3 -> 17 (17)
device-mapper: green: dump_metadata: 4 -> 4 (4)
device-mapper: green: dump_metadata: 5 -> 16 (16)
device-mapper: green: dump_metadata: 6 -> 19 (19)
device-mapper: green: dump_metadata: 7 -> 20 (20)
device-mapper: green: dump_metadata: 8 -> 21 (21)
device-mapper: green: dump_metadata: 9 -> 22 (22)
device-mapper: green: dump_metadata: 10 -> 23 (23)
device-mapper: green: dump_metadata: 11 -> 11 (11)
device-mapper: green: dump_metadata: 12 -> 12 (12)
device-mapper: green: dump_metadata: 13 -> 13 (13)
device-mapper: green: dump_metadata: 14 -> 14 (14)
device-mapper: green: dump_metadata: 15 -> 15 (15)
device-mapper: green: dump_metadata: 16 -> 1 (1)
device-mapper: green: dump_metadata: 17 -> 1 (1)
device-mapper: green: dump_metadata: 18 -> 3 (3)
device-mapper: green: dump_metadata: 19 -> 3 (3)
device-mapper: green: dump_metadata: 20 -> 5 (5)
device-mapper: green: dump_metadata: 21 -> 5 (5)
device-mapper: green: dump_metadata: 22 -> 4 (4)
device-mapper: green: dump_metadata: 23 -> 6 (6)
device-mapper: green: dump_metadata: 24 -> 6 (6)
device-mapper: green: dump_metadata: 25 -> 7 (7)
device-mapper: green: dump_metadata: 26 -> 7 (7)
device-mapper: green: dump_metadata: 27 -> 8 (8)
device-mapper: green: dump_metadata: 28 -> 8 (8)
device-mapper: green: dump_metadata: 29 -> 9 (9)
device-mapper: green: dump_metadata: 30 -> 9 (9)
device-mapper: green: dump_metadata: 31 -> 10 (10)
device-mapper: green: green_init: Green initialized
device-mapper: green: green_ctr: argc is 6
device-mapper: green: green_ctr: Extent size: 16;  extent shift: 4
device-mapper: green: check_header: Metadata header dismatch
device-mapper: green: green_ctr: No useable metadata on disk
device-mapper: green: alloc_table: Table created
device-mapper: green: build_bitmap: Free extent on disk 0: 16
device-mapper: green: build_bitmap: Free extent on disk 1: 16
device-mapper: green: green_map: 4298108690: map(sector 0 -> extent 0)
device-mapper: green: get_from_cache: Get 0 (15 extents left)
device-mapper: green: green_map: virtual 0 -> physical 0
device-mapper: green: green_map: 4298108690: map(sector 8 -> extent 0)
device-mapper: green: green_map: virtual 0 -> physical 0
device-mapper: green: green_map: 4298130257: map(sector 0 -> extent 0)
device-mapper: green: green_map: virtual 0 -> physical 0
device-mapper: green: green_map: 4298130257: map(sector 8 -> extent 0)
device-mapper: green: green_map: virtual 0 -> physical 0
device-mapper: green: green_map: 4298130257: map(sector 16 -> extent 1)
device-mapper: green: get_from_cache: Get 1 (14 extents left)
device-mapper: green: green_map: virtual 1 -> physical 1
device-mapper: green: green_map: 4298130257: map(sector 24 -> extent 1)
device-mapper: green: green_map: virtual 1 -> physical 1
device-mapper: green: green_map: 4298130257: map(sector 32 -> extent 2)
device-mapper: green: get_from_cache: Get 2 (13 extents left)
device-mapper: green: green_map: virtual 2 -> physical 2
device-mapper: green: green_map: 4298130259: map(sector 40 -> extent 2)
device-mapper: green: green_map: virtual 2 -> physical 2
device-mapper: green: green_map: 4298130259: map(sector 48 -> extent 3)
device-mapper: green: get_from_cache: Get 3 (12 extents left)
device-mapper: green: green_map: virtual 3 -> physical 3
device-mapper: green: green_map: 4298130259: map(sector 56 -> extent 3)
device-mapper: green: green_map: virtual 3 -> physical 3
device-mapper: green: green_map: 4298130259: map(sector 64 -> extent 4)
device-mapper: green: get_from_cache: Get 4 (11 extents left)
device-mapper: green: green_map: virtual 4 -> physical 4
device-mapper: green: green_map: 4298130260: map(sector 72 -> extent 4)
device-mapper: green: green_map: virtual 4 -> physical 4
device-mapper: green: green_map: 4298130260: map(sector 80 -> extent 5)
device-mapper: green: get_from_cache: Get 5 (10 extents left)
device-mapper: green: green_map: virtual 5 -> physical 5
device-mapper: green: green_map: 4298130260: map(sector 88 -> extent 5)
device-mapper: green: green_map: virtual 5 -> physical 5
device-mapper: green: green_map: 4298130260: map(sector 96 -> extent 6)
device-mapper: green: get_from_cache: Get 6 (9 extents left)
device-mapper: green: green_map: virtual 6 -> physical 6
device-mapper: green: green_map: 4298130260: map(sector 104 -> extent 6)
device-mapper: green: green_map: virtual 6 -> physical 6
device-mapper: green: green_map: 4298130260: map(sector 112 -> extent 7)
device-mapper: green: get_from_cache: Get 7 (8 extents left)
device-mapper: green: green_map: virtual 7 -> physical 7
device-mapper: green: green_map: 4298130260: map(sector 120 -> extent 7)
device-mapper: green: green_map: virtual 7 -> physical 7
device-mapper: green: green_map: 4298130267: map(sector 128 -> extent 8)
device-mapper: green: get_from_cache: Get 8 (7 extents left)
device-mapper: green: green_map: virtual 8 -> physical 8
device-mapper: green: green_map: 4298130267: map(sector 136 -> extent 8)
device-mapper: green: green_map: virtual 8 -> physical 8
device-mapper: green: green_map: 4298130267: map(sector 144 -> extent 9)
device-mapper: green: get_from_cache: Get 9 (6 extents left)
device-mapper: green: green_map: virtual 9 -> physical 9
device-mapper: green: green_map: 4298130268: map(sector 152 -> extent 9)
device-mapper: green: green_map: virtual 9 -> physical 9
device-mapper: green: green_map: 4298130268: map(sector 160 -> extent 10)
device-mapper: green: get_from_cache: Get 10 (5 extents left)
device-mapper: green: green_map: virtual 10 -> physical 10
device-mapper: green: green_map: 4298130268: map(sector 168 -> extent 10)
device-mapper: green: green_map: virtual 10 -> physical 10
device-mapper: green: green_map: 4298130268: map(sector 176 -> extent 11)
device-mapper: green: get_from_cache: Get 11 (4 extents left)
device-mapper: green: green_map: virtual 11 -> physical 11
device-mapper: green: green_map: 4298130268: map(sector 184 -> extent 11)
device-mapper: green: green_map: virtual 11 -> physical 11
device-mapper: green: green_map: 4298130268: map(sector 192 -> extent 12)
device-mapper: green: get_from_cache: Get 12 (3 extents left)
device-mapper: green: green_map: virtual 12 -> physical 12
device-mapper: green: green_map: 4298130268: map(sector 200 -> extent 12)
device-mapper: green: green_map: virtual 12 -> physical 12
device-mapper: green: green_map: 4298130270: map(sector 208 -> extent 13)
device-mapper: green: get_from_cache: Get 13 (2 extents left)
device-mapper: green: green_map: virtual 13 -> physical 13
device-mapper: green: green_map: 4298130270: map(sector 216 -> extent 13)
device-mapper: green: green_map: virtual 13 -> physical 13
device-mapper: green: green_map: 4298130270: map(sector 224 -> extent 14)
device-mapper: green: get_from_cache: Get 14 (1 extents left)
device-mapper: green: green_map: virtual 14 -> physical 14
device-mapper: green: green_map: 4298130270: map(sector 232 -> extent 14)
device-mapper: green: green_map: virtual 14 -> physical 14
device-mapper: green: green_map: 4298130270: map(sector 240 -> extent 15)
device-mapper: green: get_from_cache: Get 15 (0 extents left)
device-mapper: green: green_map: virtual 15 -> physical 15
device-mapper: green: green_map: 4298130270: map(sector 248 -> extent 15)
device-mapper: green: green_map: virtual 15 -> physical 15
device-mapper: green: green_map: 4298151375: map(sector 0 -> extent 0)
device-mapper: green: green_map: virtual 0 -> physical 0
device-mapper: green: green_map: 4298151375: map(sector 8 -> extent 0)
device-mapper: green: green_map: virtual 0 -> physical 0
device-mapper: green: green_map: 4298151376: map(sector 16 -> extent 1)
device-mapper: green: green_map: virtual 1 -> physical 1
device-mapper: green: green_map: 4298151376: map(sector 24 -> extent 1)
device-mapper: green: green_map: virtual 1 -> physical 1
device-mapper: green: green_map: 4298151376: map(sector 32 -> extent 2)
device-mapper: green: green_map: virtual 2 -> physical 2
device-mapper: green: green_map: 4298151378: map(sector 40 -> extent 2)
device-mapper: green: green_map: virtual 2 -> physical 2
device-mapper: green: green_map: 4298151378: map(sector 48 -> extent 3)
device-mapper: green: green_map: virtual 3 -> physical 3
device-mapper: green: green_map: 4298151378: map(sector 56 -> extent 3)
device-mapper: green: green_map: virtual 3 -> physical 3
device-mapper: green: green_map: 4298151379: map(sector 64 -> extent 4)
device-mapper: green: green_map: virtual 4 -> physical 4
device-mapper: green: green_map: 4298151379: map(sector 72 -> extent 4)
device-mapper: green: green_map: virtual 4 -> physical 4
device-mapper: green: green_map: 4298151380: map(sector 80 -> extent 5)
device-mapper: green: green_map: virtual 5 -> physical 5
device-mapper: green: green_map: 4298151385: map(sector 88 -> extent 5)
device-mapper: green: green_map: virtual 5 -> physical 5
device-mapper: green: green_map: 4298151385: map(sector 96 -> extent 6)
device-mapper: green: green_map: virtual 6 -> physical 6
device-mapper: green: green_map: 4298151385: map(sector 104 -> extent 6)
device-mapper: green: green_map: virtual 6 -> physical 6
device-mapper: green: green_map: 4298151386: map(sector 112 -> extent 7)
device-mapper: green: green_map: virtual 7 -> physical 7
device-mapper: green: green_map: 4298151386: map(sector 120 -> extent 7)
device-mapper: green: green_map: virtual 7 -> physical 7
device-mapper: green: green_map: 4298151386: map(sector 128 -> extent 8)
device-mapper: green: green_map: virtual 8 -> physical 8
device-mapper: green: green_map: 4298151386: map(sector 136 -> extent 8)
device-mapper: green: green_map: virtual 8 -> physical 8
device-mapper: green: green_map: 4298151387: map(sector 144 -> extent 9)
device-mapper: green: green_map: virtual 9 -> physical 9
device-mapper: green: green_map: 4298151387: map(sector 152 -> extent 9)
device-mapper: green: green_map: virtual 9 -> physical 9
device-mapper: green: green_map: 4298151387: map(sector 160 -> extent 10)
device-mapper: green: green_map: virtual 10 -> physical 10
device-mapper: green: green_map: 4298151396: map(sector 168 -> extent 10)
device-mapper: green: green_map: virtual 10 -> physical 10
device-mapper: green: green_map: 4298151396: map(sector 176 -> extent 11)
device-mapper: green: green_map: virtual 11 -> physical 11
device-mapper: green: green_map: 4298151396: map(sector 184 -> extent 11)
device-mapper: green: green_map: virtual 11 -> physical 11
device-mapper: green: green_map: 4298151397: map(sector 192 -> extent 12)
device-mapper: green: green_map: virtual 12 -> physical 12
device-mapper: green: green_map: 4298151397: map(sector 200 -> extent 12)
device-mapper: green: green_map: virtual 12 -> physical 12
device-mapper: green: green_map: 4298151397: map(sector 208 -> extent 13)
device-mapper: green: green_map: virtual 13 -> physical 13
device-mapper: green: green_map: 4298151397: map(sector 216 -> extent 13)
device-mapper: green: green_map: virtual 13 -> physical 13
device-mapper: green: green_map: 4298151398: map(sector 224 -> extent 14)
device-mapper: green: green_map: virtual 14 -> physical 14
device-mapper: green: green_map: 4298151399: map(sector 232 -> extent 14)
device-mapper: green: green_map: virtual 14 -> physical 14
device-mapper: green: green_map: 4298151399: map(sector 240 -> extent 15)
device-mapper: green: green_map: virtual 15 -> physical 15
device-mapper: green: green_map: 4298151399: map(sector 248 -> extent 15)
device-mapper: green: green_map: virtual 15 -> physical 15
device-mapper: green: green_map: 4298151399: map(sector 256 -> extent 16)
device-mapper: green: get_extent: 16 obtained
device-mapper: green: green_map: virtual 16 -> physical 16
device-mapper: green: migrate_extent: Migrating extent (16, 16)
device-mapper: green: lru_extent: Cursor at 0
device-mapper: green: lru_extent: Extent 0 accessed
device-mapper: green: lru_extent: Cursor at 1
device-mapper: green: lru_extent: Extent 1 accessed
device-mapper: green: lru_extent: Cursor at 2
device-mapper: green: lru_extent: Extent 2 accessed
device-mapper: green: lru_extent: Cursor at 3
device-mapper: green: lru_extent: Extent 3 accessed
device-mapper: green: lru_extent: Cursor at 4
device-mapper: green: lru_extent: Extent 4 accessed
device-mapper: green: lru_extent: Cursor at 5
device-mapper: green: lru_extent: Extent 5 accessed
device-mapper: green: lru_extent: Cursor at 6
device-mapper: green: lru_extent: Extent 6 accessed
device-mapper: green: lru_extent: Cursor at 7
device-mapper: green: lru_extent: Extent 7 accessed
device-mapper: green: lru_extent: Cursor at 8
device-mapper: green: lru_extent: Extent 8 accessed
device-mapper: green: lru_extent: Cursor at 9
device-mapper: green: lru_extent: Extent 9 accessed
device-mapper: green: lru_extent: Cursor at 10
device-mapper: green: lru_extent: Extent 10 accessed
device-mapper: green: lru_extent: Cursor at 11
device-mapper: green: lru_extent: Extent 11 accessed
device-mapper: green: lru_extent: Cursor at 12
device-mapper: green: lru_extent: Extent 12 accessed
device-mapper: green: lru_extent: Cursor at 13
device-mapper: green: lru_extent: Extent 13 accessed
device-mapper: green: lru_extent: Cursor at 14
device-mapper: green: lru_extent: Extent 14 accessed
device-mapper: green: lru_extent: Cursor at 15
device-mapper: green: lru_extent: Extent 15 accessed
device-mapper: green: lru_extent: Cursor at 0
device-mapper: green: swap_extent: Swapping 0 and 16
device-mapper: green: swap_extent: Loading extent 0
device-mapper: green: green_map: 4298181385: map(sector 264 -> extent 16)
device-mapper: green: green_map: Extent 16 is under migration
device-mapper: green: green_map: virtual 16 -> physical 16
device-mapper: green: migrate_extent: Migrating extent (16, 16)
device-mapper: green: lru_extent: Cursor at 1
device-mapper: green: swap_extent: Swapping 1 and 16
device-mapper: green: swap_extent: Loading extent 1
INFO: task dd:5720 blocked for more than 120 seconds.
"echo 0 > /proc/sys/kernel/hung_task_timeout_secs" disables this message.
dd              D ffff880083a31b68     0  5720   4200 0x00000000
 ffff88008255b688 0000000000000082 ffff88008255b598 ffffffff8150e201
 ffff880083a317f0 ffffffff81a0b020 000000008255b5b8 ffffffff81029ae9
 ffff880084d53bb8 ffff88008255bfd8 ffff88008255b5d8 ffffffff8102adf5
Call Trace:
 [<ffffffff8150e201>] ? _raw_spin_lock_irq+0x25/0x29
 [<ffffffff81029ae9>] ? get_parent_ip+0x11/0x42
 [<ffffffff8102adf5>] ? sub_preempt_count+0x8a/0xa2
 [<ffffffff8150e178>] ? _raw_spin_unlock+0x13/0x2e
 [<ffffffff8131192b>] ? queue_unplugged+0xaf/0xbc
 [<ffffffff8150bff9>] io_schedule+0x48/0x5d
 [<ffffffffa0049556>] dm_io+0x151/0x247 [dm_mod]
 [<ffffffff810b6a31>] ? vmap_page_range+0x9/0xb
 [<ffffffffa00490e4>] ? dm_io_exit+0x1d/0x1d [dm_mod]
 [<ffffffffa004908f>] ? bvec_next_page+0xb/0xb [dm_mod]
 [<ffffffffa0033198>] dm_io_sync_vm+0x3e/0x40 [dm_green]
 [<ffffffffa0033673>] green_map+0x4d9/0x7fb [dm_green]
 [<ffffffff810ec809>] ? bio_init+0x18/0x33
 [<ffffffff810ed000>] ? bio_alloc_bioset+0x48/0xc0
 [<ffffffffa0042adb>] __map_bio+0x39/0x128 [dm_mod]
 [<ffffffffa0043d9f>] __split_and_process_bio+0x289/0x4d8 [dm_mod]
 [<ffffffff81310026>] ? drive_stat_acct+0x16d/0x176
 [<ffffffff81029ae9>] ? get_parent_ip+0x11/0x42
 [<ffffffff81091f66>] ? mempool_alloc_slab+0x11/0x13
 [<ffffffffa00441ac>] dm_request+0x1be/0x1d1 [dm_mod]
 [<ffffffff81310498>] generic_make_request+0x349/0x412
 [<ffffffff81092293>] ? mempool_alloc+0x2c/0xef
 [<ffffffff81094e0d>] ? __pagevec_free+0x9a/0xba
 [<ffffffff81313ea6>] submit_bio+0xc1/0xcc
 [<ffffffff8102adf5>] ? sub_preempt_count+0x8a/0xa2
 [<ffffffff810e8639>] submit_bh+0xee/0x111
 [<ffffffff810ea4a2>] __block_write_full_page+0x1de/0x2ce
 [<ffffffff810eb149>] ? end_buffer_write_sync+0x61/0x61
 [<ffffffff810eeecb>] ? nr_blockdev_pages+0x6a/0x6a
 [<ffffffff810eb149>] ? end_buffer_write_sync+0x61/0x61
 [<ffffffff810ea695>] block_write_full_page_endio+0x103/0x110
 [<ffffffff810eeecb>] ? nr_blockdev_pages+0x6a/0x6a
 [<ffffffff810ea6b2>] block_write_full_page+0x10/0x12
 [<ffffffff810ede08>] blkdev_writepage+0x13/0x15
 [<ffffffff8109669f>] __writepage+0x15/0x34
 [<ffffffff81096b13>] write_cache_pages+0x28e/0x3a1
 [<ffffffff8109668a>] ? set_page_dirty+0x67/0x67
 [<ffffffff81096c6c>] generic_writepages+0x46/0x61
 [<ffffffff81096ca6>] do_writepages+0x1f/0x28
 [<ffffffff8109087a>] __filemap_fdatawrite_range+0x5b/0x66
 [<ffffffff81090eac>] filemap_fdatawrite+0x1a/0x1c
 [<ffffffff81090eca>] filemap_write_and_wait+0x1c/0x3b
 [<ffffffff810edf10>] __sync_blockdev+0x2d/0x2f
 [<ffffffff810edf20>] sync_blockdev+0xe/0x10
 [<ffffffff810edf9e>] __blkdev_put+0x7c/0x180
 [<ffffffff810ee1bf>] blkdev_put+0x11d/0x126
 [<ffffffff810eed6b>] blkdev_close+0x1f/0x21
 [<ffffffff810c5f24>] fput+0xf9/0x1aa
 [<ffffffff810c31f9>] filp_close+0x6d/0x78
 [<ffffffff810c44c6>] sys_close+0x8e/0xd4
 [<ffffffff8150eb52>] system_call_fastpath+0x16/0x1b
INFO: task flush-253:0:5721 blocked for more than 120 seconds.
"echo 0 > /proc/sys/kernel/hung_task_timeout_secs" disables this message.
flush-253:0     D ffff880084944438     0  5721      2 0x00000000
 ffff8800848d9560 0000000000000046 ffff8800848d9470 ffff88008396d3c8
 ffff8800849440c0 ffff880085d81870 00000003848d9620 ffff8800848d95c0
 ffff8800848d94e0 ffffffff81313ea6 ffff8800848d94e0 ffffffff810ed000
Call Trace:
 [<ffffffff81313ea6>] ? submit_bio+0xc1/0xcc
 [<ffffffff810ed000>] ? bio_alloc_bioset+0x48/0xc0
 [<ffffffffa00493a8>] ? dispatch_io+0x19c/0x1ab [dm_mod]
 [<ffffffff8150bff9>] io_schedule+0x48/0x5d
 [<ffffffffa0049556>] dm_io+0x151/0x247 [dm_mod]
 [<ffffffff81037cf2>] ? printk+0x67/0x69
 [<ffffffff810b6a31>] ? vmap_page_range+0x9/0xb
 [<ffffffffa00490e4>] ? dm_io_exit+0x1d/0x1d [dm_mod]
 [<ffffffffa004908f>] ? bvec_next_page+0xb/0xb [dm_mod]
 [<ffffffffa0033198>] dm_io_sync_vm+0x3e/0x40 [dm_green]
 [<ffffffffa0033673>] green_map+0x4d9/0x7fb [dm_green]
 [<ffffffff810ec809>] ? bio_init+0x18/0x33
 [<ffffffff810ed000>] ? bio_alloc_bioset+0x48/0xc0
 [<ffffffffa0042adb>] __map_bio+0x39/0x128 [dm_mod]
 [<ffffffffa0043d9f>] __split_and_process_bio+0x289/0x4d8 [dm_mod]
 [<ffffffff81029ae9>] ? get_parent_ip+0x11/0x42
 [<ffffffff81091f66>] ? mempool_alloc_slab+0x11/0x13
 [<ffffffffa00441ac>] dm_request+0x1be/0x1d1 [dm_mod]
 [<ffffffff81310498>] generic_make_request+0x349/0x412
 [<ffffffff81092293>] ? mempool_alloc+0x2c/0xef
 [<ffffffff81029ae9>] ? get_parent_ip+0x11/0x42
 [<ffffffff81313ea6>] submit_bio+0xc1/0xcc
 [<ffffffff8102adf5>] ? sub_preempt_count+0x8a/0xa2
 [<ffffffff810e8639>] submit_bh+0xee/0x111
 [<ffffffff810ea4a2>] __block_write_full_page+0x1de/0x2ce
 [<ffffffff810eb149>] ? end_buffer_write_sync+0x61/0x61
 [<ffffffff810eeecb>] ? nr_blockdev_pages+0x6a/0x6a
 [<ffffffff810eb149>] ? end_buffer_write_sync+0x61/0x61
 [<ffffffff810ea695>] block_write_full_page_endio+0x103/0x110
 [<ffffffff810eeecb>] ? nr_blockdev_pages+0x6a/0x6a
 [<ffffffff810ea6b2>] block_write_full_page+0x10/0x12
 [<ffffffff810ede08>] blkdev_writepage+0x13/0x15
 [<ffffffff8109669f>] __writepage+0x15/0x34
 [<ffffffff81096b13>] write_cache_pages+0x28e/0x3a1
 [<ffffffff8109668a>] ? set_page_dirty+0x67/0x67
 [<ffffffff81096c6c>] generic_writepages+0x46/0x61
 [<ffffffff81096ca6>] do_writepages+0x1f/0x28
 [<ffffffff810e237c>] writeback_single_inode+0xd6/0x1fd
 [<ffffffff810e29da>] writeback_sb_inodes+0xbe/0x141
 [<ffffffff810e2d56>] writeback_inodes_wb+0x120/0x130
 [<ffffffff810e2fa2>] wb_writeback+0x23c/0x3bc
 [<ffffffff8102adf5>] ? sub_preempt_count+0x8a/0xa2
 [<ffffffff810d9148>] ? get_nr_inodes+0x3d/0x53
 [<ffffffff810e328f>] wb_do_writeback+0x16d/0x207
 [<ffffffff810e3453>] bdi_writeback_thread+0xb0/0x23c
 [<ffffffff810e33a3>] ? wakeup_flusher_threads+0x7a/0x7a
